###############################################################################
#                                                                             #
# IAR ELF Linker V6.21.1.52794/W32 for ARM              24/Nov/2020  17:49:26 #
# Copyright 2007-2011 IAR Systems AB.                                         #
#                                                                             #
#    Output file  =  H:\hhhan\代码备份从F盘\BootLoader\IAR6.4_Only_IO_Bootloa #
#                    der for EFM32G232F\Debug\Exe\E.B.W_BOOTLOADER.out        #
#    Map file     =  H:\hhhan\代码备份从F盘\BootLoader\IAR6.4_Only_IO_Bootloa #
#                    der for EFM32G232F\Debug\List\E.B.W_BOOTLOADER.map       #
#    Command line =  "H:\hhhan\代码备份从F盘\BootLoader\IAR6.4_Only_IO_Bootlo #
#                    ader for EFM32G232F\Debug\Obj\Com_APP.o"                 #
#                    "H:\hhhan\代码备份从F盘\BootLoader\IAR6.4_Only_IO_Bootlo #
#                    ader for EFM32G232F\Debug\Obj\HW.o"                      #
#                    "H:\hhhan\代码备份从F盘\BootLoader\IAR6.4_Only_IO_Bootlo #
#                    ader for EFM32G232F\Debug\Obj\JISFlash.o"                #
#                    "H:\hhhan\代码备份从F盘\BootLoader\IAR6.4_Only_IO_Bootlo #
#                    ader for EFM32G232F\Debug\Obj\JisTimer.o"                #
#                    "H:\hhhan\代码备份从F盘\BootLoader\IAR6.4_Only_IO_Bootlo #
#                    ader for EFM32G232F\Debug\Obj\boot.o"                    #
#                    "H:\hhhan\代码备份从F盘\BootLoader\IAR6.4_Only_IO_Bootlo #
#                    ader for EFM32G232F\Debug\Obj\em_acmp.o"                 #
#                    "H:\hhhan\代码备份从F盘\BootLoader\IAR6.4_Only_IO_Bootlo #
#                    ader for EFM32G232F\Debug\Obj\em_adc.o"                  #
#                    "H:\hhhan\代码备份从F盘\BootLoader\IAR6.4_Only_IO_Bootlo #
#                    ader for EFM32G232F\Debug\Obj\em_aes.o"                  #
#                    "H:\hhhan\代码备份从F盘\BootLoader\IAR6.4_Only_IO_Bootlo #
#                    ader for EFM32G232F\Debug\Obj\em_assert.o"               #
#                    "H:\hhhan\代码备份从F盘\BootLoader\IAR6.4_Only_IO_Bootlo #
#                    ader for EFM32G232F\Debug\Obj\em_burtc.o"                #
#                    "H:\hhhan\代码备份从F盘\BootLoader\IAR6.4_Only_IO_Bootlo #
#                    ader for EFM32G232F\Debug\Obj\em_cmu.o"                  #
#                    "H:\hhhan\代码备份从F盘\BootLoader\IAR6.4_Only_IO_Bootlo #
#                    ader for EFM32G232F\Debug\Obj\em_dac.o"                  #
#                    "H:\hhhan\代码备份从F盘\BootLoader\IAR6.4_Only_IO_Bootlo #
#                    ader for EFM32G232F\Debug\Obj\em_dbg.o"                  #
#                    "H:\hhhan\代码备份从F盘\BootLoader\IAR6.4_Only_IO_Bootlo #
#                    ader for EFM32G232F\Debug\Obj\em_dma.o"                  #
#                    "H:\hhhan\代码备份从F盘\BootLoader\IAR6.4_Only_IO_Bootlo #
#                    ader for EFM32G232F\Debug\Obj\em_ebi.o"                  #
#                    "H:\hhhan\代码备份从F盘\BootLoader\IAR6.4_Only_IO_Bootlo #
#                    ader for EFM32G232F\Debug\Obj\em_emu.o"                  #
#                    "H:\hhhan\代码备份从F盘\BootLoader\IAR6.4_Only_IO_Bootlo #
#                    ader for EFM32G232F\Debug\Obj\em_gpio.o"                 #
#                    "H:\hhhan\代码备份从F盘\BootLoader\IAR6.4_Only_IO_Bootlo #
#                    ader for EFM32G232F\Debug\Obj\em_i2c.o"                  #
#                    "H:\hhhan\代码备份从F盘\BootLoader\IAR6.4_Only_IO_Bootlo #
#                    ader for EFM32G232F\Debug\Obj\em_int.o"                  #
#                    "H:\hhhan\代码备份从F盘\BootLoader\IAR6.4_Only_IO_Bootlo #
#                    ader for EFM32G232F\Debug\Obj\em_lcd.o"                  #
#                    "H:\hhhan\代码备份从F盘\BootLoader\IAR6.4_Only_IO_Bootlo #
#                    ader for EFM32G232F\Debug\Obj\em_lesense.o"              #
#                    "H:\hhhan\代码备份从F盘\BootLoader\IAR6.4_Only_IO_Bootlo #
#                    ader for EFM32G232F\Debug\Obj\em_letimer.o"              #
#                    "H:\hhhan\代码备份从F盘\BootLoader\IAR6.4_Only_IO_Bootlo #
#                    ader for EFM32G232F\Debug\Obj\em_leuart.o"               #
#                    "H:\hhhan\代码备份从F盘\BootLoader\IAR6.4_Only_IO_Bootlo #
#                    ader for EFM32G232F\Debug\Obj\em_msc.o"                  #
#                    "H:\hhhan\代码备份从F盘\BootLoader\IAR6.4_Only_IO_Bootlo #
#                    ader for EFM32G232F\Debug\Obj\em_opamp.o"                #
#                    "H:\hhhan\代码备份从F盘\BootLoader\IAR6.4_Only_IO_Bootlo #
#                    ader for EFM32G232F\Debug\Obj\em_pcnt.o"                 #
#                    "H:\hhhan\代码备份从F盘\BootLoader\IAR6.4_Only_IO_Bootlo #
#                    ader for EFM32G232F\Debug\Obj\em_prs.o"                  #
#                    "H:\hhhan\代码备份从F盘\BootLoader\IAR6.4_Only_IO_Bootlo #
#                    ader for EFM32G232F\Debug\Obj\em_rmu.o"                  #
#                    "H:\hhhan\代码备份从F盘\BootLoader\IAR6.4_Only_IO_Bootlo #
#                    ader for EFM32G232F\Debug\Obj\em_rtc.o"                  #
#                    "H:\hhhan\代码备份从F盘\BootLoader\IAR6.4_Only_IO_Bootlo #
#                    ader for EFM32G232F\Debug\Obj\em_system.o"               #
#                    "H:\hhhan\代码备份从F盘\BootLoader\IAR6.4_Only_IO_Bootlo #
#                    ader for EFM32G232F\Debug\Obj\em_timer.o"                #
#                    "H:\hhhan\代码备份从F盘\BootLoader\IAR6.4_Only_IO_Bootlo #
#                    ader for EFM32G232F\Debug\Obj\em_usart.o"                #
#                    "H:\hhhan\代码备份从F盘\BootLoader\IAR6.4_Only_IO_Bootlo #
#                    ader for EFM32G232F\Debug\Obj\em_vcmp.o"                 #
#                    "H:\hhhan\代码备份从F盘\BootLoader\IAR6.4_Only_IO_Bootlo #
#                    ader for EFM32G232F\Debug\Obj\em_wdog.o"                 #
#                    "H:\hhhan\代码备份从F盘\BootLoader\IAR6.4_Only_IO_Bootlo #
#                    ader for EFM32G232F\Debug\Obj\main.o"                    #
#                    "H:\hhhan\代码备份从F盘\BootLoader\IAR6.4_Only_IO_Bootlo #
#                    ader for EFM32G232F\Debug\Obj\startup_efm32g.o"          #
#                    "H:\hhhan\代码备份从F盘\BootLoader\IAR6.4_Only_IO_Bootlo #
#                    ader for EFM32G232F\Debug\Obj\system.o"                  #
#                    "H:\hhhan\代码备份从F盘\BootLoader\IAR6.4_Only_IO_Bootlo #
#                    ader for EFM32G232F\Debug\Obj\system_efm32g.o"           #
#                    --redirect _Printf=_PrintfSmall --redirect               #
#                    _Scanf=_ScanfSmall -o "H:\hhhan\代码备份从F盘\BootLoader #
#                    \IAR6.4_Only_IO_Bootloader for                           #
#                    EFM32G232F\Debug\Exe\E.B.W_BOOTLOADER.out" --map         #
#                    "H:\hhhan\代码备份从F盘\BootLoader\IAR6.4_Only_IO_Bootlo #
#                    ader for EFM32G232F\Debug\List\E.B.W_BOOTLOADER.map"     #
#                    --config "D:\Program Files (x86)\IAR Systems\Embedded    #
#                    Workbench 6.0 Evaluation\arm\CONFIG\generic_cortex.icf"  #
#                    --semihosting --entry __iar_program_start --vfe          #
#                                                                             #
#                                                                             #
###############################################################################

*******************************************************************************
*** RUNTIME MODEL ATTRIBUTES
***

CppFlavor       = *
__SystemLibrary = DLib


*******************************************************************************
*** PLACEMENT SUMMARY
***

"A1":  place at 0x00000000 { ro section .intvec };
"P1":  place in [from 0x00000000 to 0x0007ffff] { ro };
"P2":  place in [from 0x20000000 to 0x2000ffff] { rw, block CSTACK, block HEAP };

  Section            Kind        Address    Size  Object
  -------            ----        -------    ----  ------
"A1":                                       0xb8
  .intvec            ro code  0x00000000    0xb8  startup_efm32g.o [1]
                            - 0x000000b8    0xb8

"P1":                                     0x1dd4
  .text              ro code  0x000000b8   0x690  em_cmu.o [1]
  .text              ro code  0x00000748   0x12c  system_efm32g.o [1]
  .text              ro code  0x00000874    0x14  em_emu.o [1]
  .text              ro code  0x00000888   0x448  Com_APP.o [1]
  .text              ro code  0x00000cd0    0x16  main.o [1]
  .text              ro code  0x00000ce6    0x2e  copy_init3.o [4]
  .text              ro code  0x00000d14   0x40c  HW.o [1]
  .text              ro code  0x00001120    0x16  main.o [1]
  .text              ro code  0x00001136    0x22  zero_init3.o [4]
  .text              ro code  0x00001158    0x70  ABImemcpy.o [4]
  .text              ro code  0x000011c8    0x30  em_system.o [1]
  .text              ro code  0x000011f8   0x10c  em_usart.o [1]
  .text              ro code  0x00001304    0xd4  em_gpio.o [1]
  .text              ro code  0x000013d8    0xbc  em_wdog.o [1]
  .text              ro code  0x00001494    0x66  ABImemset.o [4]
  Veneer             ro code  0x000014fc     0x8  - Linker created -
  Veneer             ro code  0x00001504     0x8  - Linker created -
  Veneer             ro code  0x0000150c     0x8  - Linker created -
  .text              ro code  0x00001514   0x3f0  main.o [1]
  .text              ro code  0x00001904    0x70  system.o [1]
  .text              ro code  0x00001974    0x34  em_msc.o [1]
  .text              ro code  0x000019a8    0xac  JisTimer.o [1]
  .text              ro code  0x00001a54    0xbc  em_dma.o [1]
  .text              ro code  0x00001b10    0x2c  data_init3.o [4]
  .iar.init_table    const    0x00001b3c    0x24  - Linker created -
  .text              ro code  0x00001b60    0x16  cmain.o [4]
  .text              ro code  0x00001b76     0x4  low_level_init.o [3]
  .text              ro code  0x00001b7a     0x8  exit.o [3]
  .text              ro code  0x00001b84     0xa  cexit.o [4]
  .text              ro code  0x00001b90    0x14  exit.o [5]
  .rodata            const    0x00001ba4    0x14  HW.o [1]
  .SVerAddr          const    0x00001bb8    0x10  main.o [1]
  .text              ro code  0x00001bc8    0x10  startup_efm32g.o [1]
  .rodata            const    0x00001bd8     0xc  HW.o [1]
  .text              ro code  0x00001be4     0xc  cstartup_M.o [4]
  .rodata            const    0x00001bf0     0x8  main.o [1]
  .text              ro code  0x00001bf8     0x4  startup_efm32g.o [1]
  .text              ro code  0x00001bfc     0x4  startup_efm32g.o [1]
  .text              ro code  0x00001c00     0x4  startup_efm32g.o [1]
  .text              ro code  0x00001c04     0x4  startup_efm32g.o [1]
  .text              ro code  0x00001c08     0x4  startup_efm32g.o [1]
  .text              ro code  0x00001c0c     0x4  startup_efm32g.o [1]
  .text              ro code  0x00001c10     0x4  startup_efm32g.o [1]
  .text              ro code  0x00001c14     0x4  startup_efm32g.o [1]
  .text              ro code  0x00001c18     0x4  startup_efm32g.o [1]
  .text              ro code  0x00001c1c     0x4  startup_efm32g.o [1]
  .text              ro code  0x00001c20     0x4  startup_efm32g.o [1]
  .text              ro code  0x00001c24     0x4  startup_efm32g.o [1]
  .text              ro code  0x00001c28     0x4  startup_efm32g.o [1]
  .text              ro code  0x00001c2c     0x4  startup_efm32g.o [1]
  .text              ro code  0x00001c30     0x4  startup_efm32g.o [1]
  .text              ro code  0x00001c34     0x4  startup_efm32g.o [1]
  .text              ro code  0x00001c38     0x4  startup_efm32g.o [1]
  .text              ro code  0x00001c3c     0x4  startup_efm32g.o [1]
  .text              ro code  0x00001c40     0x4  startup_efm32g.o [1]
  .text              ro code  0x00001c44     0x4  startup_efm32g.o [1]
  .text              ro code  0x00001c48     0x4  startup_efm32g.o [1]
  .text              ro code  0x00001c4c     0x4  startup_efm32g.o [1]
  .text              ro code  0x00001c50     0x4  startup_efm32g.o [1]
  .text              ro code  0x00001c54     0x4  startup_efm32g.o [1]
  .text              ro code  0x00001c58     0x4  startup_efm32g.o [1]
  .text              ro code  0x00001c5c     0x4  startup_efm32g.o [1]
  .text              ro code  0x00001c60     0x4  startup_efm32g.o [1]
  .text              ro code  0x00001c64     0x4  startup_efm32g.o [1]
  .text              ro code  0x00001c68     0x4  startup_efm32g.o [1]
  .text              ro code  0x00001c6c     0x4  startup_efm32g.o [1]
  .text              ro code  0x00001c70     0x4  startup_efm32g.o [1]
  .text              ro code  0x00001c74     0x4  startup_efm32g.o [1]
  .text              ro code  0x00001c78     0x4  startup_efm32g.o [1]
  .text              ro code  0x00001c7c     0x4  startup_efm32g.o [1]
  .text              ro code  0x00001c80     0x4  startup_efm32g.o [1]
  .text              ro code  0x00001c84     0x4  startup_efm32g.o [1]
  .text              ro code  0x00001c88     0x4  startup_efm32g.o [1]
  .text              ro code  0x00001c8c     0x4  startup_efm32g.o [1]
  .text              ro code  0x00001c90     0x4  startup_efm32g.o [1]
  .text              ro code  0x00001c94     0x0  startup_efm32g.o [1]
  .rodata            const    0x00001c94     0x0  bwt_init3c.o [4]
  Initializer bytes  ro data  0x00001c94   0x1f8  <for P2 s0>
                            - 0x00001e8c  0x1dd4

"P2", part 1 of 3:                         0x1f8
  P2 s0                       0x20000000   0x1f8  <Init block>
    .textrw          inited   0x20000000   0x1a4  em_msc.o [1]
    .textrw          inited   0x200001a4    0x4c  boot.o [1]
    .data            inited   0x200001f0     0x4  system_efm32g.o [1]
    .data            inited   0x200001f4     0x4  system_efm32g.o [1]
                            - 0x200001f8   0x1f8

"P2", part 2 of 3:                          0x58
  .bss               zero     0x200001f8    0x40  JisTimer.o [1]
  .bss               zero     0x20000238     0x4  JisTimer.o [1]
  .bss               zero     0x2000023c     0x4  system_efm32g.o [1]
  .bss               zero     0x20000240     0x2  Com_APP.o [1]
  .bss               zero     0x20000242     0x2  Com_APP.o [1]
  .bss               zero     0x20000244     0x2  em_emu.o [1]
  .bss               zero     0x20000246     0x2  main.o [1]
  .bss               zero     0x20000248     0x1  Com_APP.o [1]
  .bss               zero     0x20000249     0x1  Com_APP.o [1]
  .bss               zero     0x2000024a     0x1  main.o [1]
  .bss               zero     0x2000024b     0x1  system.o [1]
                            - 0x2000024c    0x54

"P2", part 3 of 3:                         0x68e
  CSTACK                      0x20000250   0x400  <Block>
    CSTACK           uninit   0x20000250   0x400  <Block tail>
  .noinit            uninit   0x20000650   0x100  Com_APP.o [1]
  .noinit            uninit   0x20000750   0x100  Com_APP.o [1]
  .noinit            uninit   0x20000850    0x88  Com_APP.o [1]
  .noinit            uninit   0x200008d8     0x4  Com_APP.o [1]
  .noinit            uninit   0x200008dc     0x1  Com_APP.o [1]
  .noinit            uninit   0x200008dd     0x1  Com_APP.o [1]
                            - 0x200008de   0x68e


*******************************************************************************
*** INIT TABLE
***

          Address     Size
          -------     ----
Zero (__iar_zero_init3)
    1 destination range, total size 0x54:
          0x200001f8   0x54

Copy (__iar_copy_init3)
    1 source range, total size 0x1f8:
          0x00001c94  0x1f8
    1 destination range, total size 0x1f8:
          0x20000000  0x1f8


*******************************************************************************
*** MODULE SUMMARY
***

    Module            ro code  rw code  ro data  rw data
    ------            -------  -------  -------  -------
H:\hhhan\代码备份从F盘\BootLoader\IAR6.4_Only_IO_Bootloader for EFM32G232F\Debug\Obj: [1]
    Com_APP.o           1 096                        660
    HW.o                1 036                32
    JisTimer.o            172                         68
    boot.o                          76       76
    em_cmu.o            1 680
    em_dma.o              188
    em_emu.o               20                          2
    em_gpio.o             212
    em_msc.o               52      420      420
    em_system.o            48
    em_usart.o            268
    em_wdog.o             188
    main.o              1 052                24        3
    startup_efm32g.o      356
    system.o              112                          1
    system_efm32g.o       300                 8       12
    ----------------------------------------------------
    Total:              6 780      496      560      746

command line: [2]
    ----------------------------------------------------
    Total:

dl7M_tln.a: [3]
    exit.o                  8
    low_level_init.o        4
    ----------------------------------------------------
    Total:                 12

rt7M_tl.a: [4]
    ABImemcpy.o           112
    ABImemset.o           102
    bwt_init3c.o
    cexit.o                10
    cmain.o                22
    copy_init3.o           46
    cstartup_M.o           12
    data_init3.o           44
    zero_init3.o           34
    ----------------------------------------------------
    Total:                382

shb_l.a: [5]
    exit.o                 20
    ----------------------------------------------------
    Total:                 20

    Gaps                    6
    Linker created         24                36    1 024
--------------------------------------------------------
    Grand Total:        7 224      496      596    1 770


*******************************************************************************
*** ENTRY LIST
***

Entry                      Address   Size  Type      Object
-----                      -------   ----  ----      ------
?main                   0x00001b61         Code  Gb  cmain.o [4]
ACMP0_IRQHandler        0x00001c31         Code  Wk  startup_efm32g.o [1]
ADC0_IRQHandler         0x00001c35         Code  Wk  startup_efm32g.o [1]
AES_IRQHandler          0x00001c91         Code  Wk  startup_efm32g.o [1]
BITBAND_Peripheral      0x000000b9    0xe  Code  Lc  em_cmu.o [1]
BITBAND_Peripheral      0x000013d9    0xe  Code  Lc  em_wdog.o [1]
BOOT_boot               0x200001b1   0x34  Code  Gb  boot.o [1]
BOOT_jump               0x200001a5    0xc  Code  Gb  boot.o [1]
BusFault_Handler        0x00001c05         Code  Wk  startup_efm32g.o [1]
CHIP_Init               0x00000dc9  0x11c  Code  Lc  HW.o [1]
CMU_AUXClkGet           0x00000165    0x8  Code  Lc  em_cmu.o [1]
CMU_ClockDivSet         0x00000201  0x122  Code  Gb  em_cmu.o [1]
CMU_ClockEnable         0x00000323   0x86  Code  Gb  em_cmu.o [1]
CMU_ClockFreqGet        0x000003a9   0xf2  Code  Gb  em_cmu.o [1]
CMU_ClockSelectGet      0x0000049b   0xbe  Code  Gb  em_cmu.o [1]
CMU_ClockSelectSet      0x00000559  0x102  Code  Gb  em_cmu.o [1]
CMU_DBGClkGet           0x0000016d   0x30  Code  Lc  em_cmu.o [1]
CMU_DivToLog2           0x000000fb    0xe  Code  Lc  em_cmu.o [1]
CMU_FlashWaitStateControl
                        0x00000109   0x5c  Code  Lc  em_cmu.o [1]
CMU_FlashWaitStateMax   0x000000c7   0x34  Code  Lc  em_cmu.o [1]
CMU_IRQHandler          0x00001c81         Code  Wk  startup_efm32g.o [1]
CMU_LFClkGet            0x0000019d   0x4e  Code  Lc  em_cmu.o [1]
CMU_OscillatorEnable    0x0000065b   0x94  Code  Gb  em_cmu.o [1]
CMU_Sync                0x000001eb   0x16  Code  Lc  em_cmu.o [1]
CSTACK$$Base            0x20000250          --   Gb  - Linker created -
CSTACK$$Limit           0x20000650          --   Gb  - Linker created -
Com                     0x200008d8    0x4  Data  Lc  Com_APP.o [1]
Com_GetCommand          0x000009cf   0x44  Code  Gb  Com_APP.o [1]
Com_RxProcess           0x00000c25   0x7c  Code  Gb  Com_APP.o [1]
Com_Rx_Int              0x00000a51  0x1d4  Code  Gb  Com_APP.o [1]
Com_Tx_Int              0x00000a13   0x3e  Code  Gb  Com_APP.o [1]
Com_Write               0x000008c7  0x108  Code  Gb  Com_APP.o [1]
Current_Transmission_Packet_Size
                        0x20000240    0x2  Data  Gb  Com_APP.o [1]
DAC0_IRQHandler         0x00001c39         Code  Wk  startup_efm32g.o [1]
DMA_IRQHandler          0x00001a55   0xa6  Code  Gb  em_dma.o [1]
DebugMon_Handler        0x00001c11         Code  Wk  startup_efm32g.o [1]
DeviceSoftwareSVersion  0x00001bb8   0x10  Data  Gb  main.o [1]
EMU_UpdateOscConfig     0x00000875    0xa  Code  Gb  em_emu.o [1]
Erase_AP_Info_Config    0x00001541   0x50  Code  Gb  main.o [1]
Flash_Write             0x000015fb   0x56  Code  Gb  main.o [1]
GPIO_EVEN_IRQHandler    0x00001c21         Code  Wk  startup_efm32g.o [1]
GPIO_ODD_IRQHandler     0x00001c41         Code  Wk  startup_efm32g.o [1]
GPIO_PinModeSet         0x00001305   0xcc  Code  Gb  em_gpio.o [1]
GetProdRev              0x00000749    0xa  Code  Lc  system_efm32g.o [1]
HW_COM_Initial_IO       0x00000f75   0x62  Code  Gb  HW.o [1]
HW_Com_TX_INT_disable   0x00001003   0x3a  Code  Gb  HW.o [1]
HW_Com_TX_INT_enable    0x00000fe7   0x1c  Code  Gb  HW.o [1]
HW_Com_Uart_Send_Tx     0x00000fd7   0x10  Code  Gb  HW.o [1]
HW_Initial_Clock        0x00000ee5   0x90  Code  Gb  HW.o [1]
HW_Initial_IO           0x00001061   0x10  Code  Gb  HW.o [1]
HW_WDT_Initial_IO       0x0000103d   0x24  Code  Gb  HW.o [1]
HardFault_Handler       0x00001bfd         Code  Wk  startup_efm32g.o [1]
I2C0_IRQHandler         0x00001c3d         Code  Wk  startup_efm32g.o [1]
LCD_IRQHandler          0x00001c89         Code  Wk  startup_efm32g.o [1]
LETIMER0_IRQHandler     0x00001c6d         Code  Wk  startup_efm32g.o [1]
LEUART0_IRQHandler      0x00001c65         Code  Wk  startup_efm32g.o [1]
LEUART1_IRQHandler      0x00001c69         Code  Wk  startup_efm32g.o [1]
MSC_Deinit              0x0000198b   0x14  Code  Gb  em_msc.o [1]
MSC_ErasePage           0x20000099   0x8a  Code  Gb  em_msc.o [1]
MSC_IRQHandler          0x00001c8d         Code  Wk  startup_efm32g.o [1]
MSC_Init                0x00001975   0x16  Code  Gb  em_msc.o [1]
MSC_WriteWord           0x20000123   0x68  Code  Gb  em_msc.o [1]
Main_Initial_IO         0x00001535    0xc  Code  Gb  main.o [1]
MemManage_Handler       0x00001c01         Code  Wk  startup_efm32g.o [1]
MscLoadAddress          0x20000001   0x36  Code  Gb  em_msc.o [1]
MscLoadData             0x20000037   0x62  Code  Gb  em_msc.o [1]
NMI_Handler             0x00001bf9         Code  Wk  startup_efm32g.o [1]
NVIC_ClearPendingIRQ    0x00000d49   0x1a  Code  Lc  HW.o [1]
NVIC_DisableIRQ         0x00000d2f   0x1a  Code  Lc  HW.o [1]
NVIC_EnableIRQ          0x00000d15   0x1a  Code  Lc  HW.o [1]
NVIC_SetPriority        0x00000d63   0x26  Code  Lc  HW.o [1]
NVIC_SystemReset        0x00001515   0x20  Code  Lc  main.o [1]
PCNT0_IRQHandler        0x00001c71         Code  Wk  startup_efm32g.o [1]
PCNT1_IRQHandler        0x00001c75         Code  Wk  startup_efm32g.o [1]
PCNT2_IRQHandler        0x00001c79         Code  Wk  startup_efm32g.o [1]
PendSV_Handler          0x00001c15         Code  Wk  startup_efm32g.o [1]
RTC_IRQHandler          0x00001c7d         Code  Wk  startup_efm32g.o [1]
R_State                 0x200008dd    0x1  Data  Lc  Com_APP.o [1]
ReadFlashAddress        0x000015f7    0x4  Code  Gb  main.o [1]
Region$$Table$$Base     0x00001b3c          --   Gb  - Linker created -
Region$$Table$$Limit    0x00001b60          --   Gb  - Linker created -
Reset_Handler           0x00001bc9         Code  Wk  startup_efm32g.o [1]
SB                      0x00001c94         Data  Gb  bwt_init3c.o [4]
SVC_Handler             0x00001c0d         Code  Wk  startup_efm32g.o [1]
SYSTEM_ChipRevisionGet  0x000011c9   0x22  Code  Gb  em_system.o [1]
SysTick_Config          0x00000d89   0x38  Code  Lc  HW.o [1]
SysTick_Handler         0x00001911   0x26  Code  Gb  system.o [1]
SystemCoreClock         0x2000023c    0x4  Data  Gb  system_efm32g.o [1]
SystemCoreClockGet      0x00000753   0x1a  Code  Gb  system_efm32g.o [1]
SystemCoreClockUpdate   0x00000dc1    0x8  Code  Lc  HW.o [1]
SystemHFClockGet        0x0000076d   0xa6  Code  Gb  system_efm32g.o [1]
SystemHFXOClock         0x200001f0    0x4  Data  Lc  system_efm32g.o [1]
SystemHFXOClockSet      0x00000813   0x16  Code  Gb  system_efm32g.o [1]
SystemInit              0x00000829    0x2  Code  Gb  system_efm32g.o [1]
SystemLFRCOClockGet     0x0000082b    0x6  Code  Gb  system_efm32g.o [1]
SystemLFXOClock         0x200001f4    0x4  Data  Lc  system_efm32g.o [1]
SystemLFXOClockGet      0x00000831    0x6  Code  Gb  system_efm32g.o [1]
System_Io_Init          0x00001909    0x8  Code  Gb  system.o [1]
TIMER0_IRQHandler       0x00001c25         Code  Wk  startup_efm32g.o [1]
TIMER1_IRQHandler       0x00001c45         Code  Wk  startup_efm32g.o [1]
TIMER2_IRQHandler       0x00001c49         Code  Wk  startup_efm32g.o [1]
Timer_100ms_Int         0x000019bd    0xa  Code  Gb  JisTimer.o [1]
Timer_Clear             0x000019c7    0xc  Code  Gb  JisTimer.o [1]
Timer_Counter           0x000019d3   0x78  Code  Gb  JisTimer.o [1]
Timer_Init              0x000019a9   0x14  Code  Gb  JisTimer.o [1]
UART0_RX_IRQHandler     0x00001c5d         Code  Wk  startup_efm32g.o [1]
UART0_TX_IRQHandler     0x00001c61         Code  Wk  startup_efm32g.o [1]
USART0_RX_IRQHandler    0x00001c29         Code  Wk  startup_efm32g.o [1]
USART0_TX_IRQHandler    0x00001c2d         Code  Wk  startup_efm32g.o [1]
USART1_RX_IRQHandler    0x00001937   0x18  Code  Gb  system.o [1]
USART1_TX_IRQHandler    0x0000194f   0x1a  Code  Gb  system.o [1]
USART2_RX_IRQHandler    0x00001c55         Code  Wk  startup_efm32g.o [1]
USART2_TX_IRQHandler    0x00001c59         Code  Wk  startup_efm32g.o [1]
USART_BaudrateAsyncSet  0x000011f9   0x84  Code  Gb  em_usart.o [1]
USART_InitAsync         0x0000127d   0x2e  Code  Gb  em_usart.o [1]
USART_IntClear          0x00001905    0x4  Code  Lc  system.o [1]
USART_Reset             0x000012ab   0x32  Code  Gb  em_usart.o [1]
USART_Rx                0x000012ed    0xc  Code  Gb  em_usart.o [1]
USART_Tx                0x000012f9    0xc  Code  Gb  em_usart.o [1]
Uart_RxBUff             0x20000650  0x100  Data  Lc  Com_APP.o [1]
Uart_Rx_Package         0x20000850   0x88  Data  Lc  Com_APP.o [1]
Uart_TxBUff             0x20000750  0x100  Data  Lc  Com_APP.o [1]
UsageFault_Handler      0x00001c09         Code  Wk  startup_efm32g.o [1]
VCMP_IRQHandler         0x00001c85         Code  Wk  startup_efm32g.o [1]
WDOG_Feed               0x000013e7   0x10  Code  Gb  em_wdog.o [1]
WDOG_Init               0x000013f7   0x7c  Code  Gb  em_wdog.o [1]
WDOG_Lock               0x00001473   0x16  Code  Gb  em_wdog.o [1]
__Vectors               0x00000000          --   Gb  startup_efm32g.o [1]
__Vectors_End           0x000000b8         Data  Gb  startup_efm32g.o [1]
__Vectors_Size {Abs}    0x000000b8          --   Gb  startup_efm32g.o [1]
__aeabi_memcpy          0x00001159         Code  Gb  ABImemcpy.o [4]
__aeabi_memcpy4         0x00001173         Code  Gb  ABImemcpy.o [4]
__aeabi_memcpy8         0x00001173         Code  Gb  ABImemcpy.o [4]
__aeabi_memset          0x00001495         Code  Gb  ABImemset.o [4]
__checksum              0x20000246    0x2  Data  Gb  main.o [1]
__cmain                 0x00001b61         Code  Gb  cmain.o [4]
__exit                  0x00001b91   0x14  Code  Gb  exit.o [5]
__iar_Memset            0x00001495         Code  Gb  ABImemset.o [4]
__iar_Memset_word       0x0000149d         Code  Gb  ABImemset.o [4]
__iar_copy_init3        0x00000ce7   0x2e  Code  Gb  copy_init3.o [4]
__iar_data_init3        0x00001b11   0x2c  Code  Gb  data_init3.o [4]
__iar_program_start     0x00001be5         Code  Gb  cstartup_M.o [4]
__iar_zero_init3        0x00001137   0x22  Code  Gb  zero_init3.o [4]
__low_level_init        0x00001b77    0x4  Code  Gb  low_level_init.o [3]
__vector_table          0x00000000         Data  Gb  startup_efm32g.o [1]
__vector_table_0x1c     0x0000001c         Data  Gb  startup_efm32g.o [1]
_call_main              0x00001b6d         Code  Gb  cmain.o [4]
_exit                   0x00001b85         Code  Gb  cexit.o [4]
_main                   0x00001b73         Code  Gb  cmain.o [4]
aw_Timer_Data           0x200001f8   0x40  Data  Lc  JisTimer.o [1]
by_RxPoint              0x200008dc    0x1  Data  Lc  Com_APP.o [1]
calculateChecksum       0x00000889   0x3e  Code  Gb  Com_APP.o [1]
cmuStatus               0x20000244    0x2  Data  Lc  em_emu.o [1]
exit                    0x00001b7b    0x8  Code  Gb  exit.o [3]
main                    0x00001651  0x29c  Code  Gb  main.o [1]
memcpy                  0x00000cd1   0x16  Code  Gb  main.o [1]
memset                  0x00001121   0x16  Code  Gb  main.o [1]
updateFlash             0x00001591   0x66  Code  Gb  main.o [1]
w_Timer_Flag            0x20000238    0x4  Data  Lc  JisTimer.o [1]


[1] = H:\hhhan\代码备份从F盘\BootLoader\IAR6.4_Only_IO_Bootloader for EFM32G232F\Debug\Obj
[2] = command line
[3] = dl7M_tln.a
[4] = rt7M_tl.a
[5] = shb_l.a

  7 224 bytes of readonly  code memory
    496 bytes of readwrite code memory
    596 bytes of readonly  data memory
  1 770 bytes of readwrite data memory

Errors: none
Warnings: none
