###############################################################################
#
# IAR ELF Linker V7.40.3.8902/W32 for ARM                 01/Dec/2020  11:44:01
# Copyright 2007-2015 IAR Systems AB.
#
#    Output file  =  
#        F:\BootLoader\IAR7.4_Only_IO_Bootloader for
#        EFM32G232F_Hhhan\Debug\Exe\E.B.W_BOOTLOADER.out
#    Map file     =  
#        F:\BootLoader\IAR7.4_Only_IO_Bootloader for
#        EFM32G232F_Hhhan\Debug\List\E.B.W_BOOTLOADER.map
#    Command line =  
#        "F:\BootLoader\IAR7.4_Only_IO_Bootloader for
#        EFM32G232F_Hhhan\Debug\Obj\boot.o"
#        "F:\BootLoader\IAR7.4_Only_IO_Bootloader for
#        EFM32G232F_Hhhan\Debug\Obj\Com_APP.o"
#        "F:\BootLoader\IAR7.4_Only_IO_Bootloader for
#        EFM32G232F_Hhhan\Debug\Obj\em_acmp.o"
#        "F:\BootLoader\IAR7.4_Only_IO_Bootloader for
#        EFM32G232F_Hhhan\Debug\Obj\em_adc.o"
#        "F:\BootLoader\IAR7.4_Only_IO_Bootloader for
#        EFM32G232F_Hhhan\Debug\Obj\em_aes.o"
#        "F:\BootLoader\IAR7.4_Only_IO_Bootloader for
#        EFM32G232F_Hhhan\Debug\Obj\em_assert.o"
#        "F:\BootLoader\IAR7.4_Only_IO_Bootloader for
#        EFM32G232F_Hhhan\Debug\Obj\em_burtc.o"
#        "F:\BootLoader\IAR7.4_Only_IO_Bootloader for
#        EFM32G232F_Hhhan\Debug\Obj\em_cmu.o"
#        "F:\BootLoader\IAR7.4_Only_IO_Bootloader for
#        EFM32G232F_Hhhan\Debug\Obj\em_dac.o"
#        "F:\BootLoader\IAR7.4_Only_IO_Bootloader for
#        EFM32G232F_Hhhan\Debug\Obj\em_dbg.o"
#        "F:\BootLoader\IAR7.4_Only_IO_Bootloader for
#        EFM32G232F_Hhhan\Debug\Obj\em_ebi.o"
#        "F:\BootLoader\IAR7.4_Only_IO_Bootloader for
#        EFM32G232F_Hhhan\Debug\Obj\em_emu.o"
#        "F:\BootLoader\IAR7.4_Only_IO_Bootloader for
#        EFM32G232F_Hhhan\Debug\Obj\em_gpio.o"
#        "F:\BootLoader\IAR7.4_Only_IO_Bootloader for
#        EFM32G232F_Hhhan\Debug\Obj\em_i2c.o"
#        "F:\BootLoader\IAR7.4_Only_IO_Bootloader for
#        EFM32G232F_Hhhan\Debug\Obj\em_int.o"
#        "F:\BootLoader\IAR7.4_Only_IO_Bootloader for
#        EFM32G232F_Hhhan\Debug\Obj\em_lcd.o"
#        "F:\BootLoader\IAR7.4_Only_IO_Bootloader for
#        EFM32G232F_Hhhan\Debug\Obj\em_lesense.o"
#        "F:\BootLoader\IAR7.4_Only_IO_Bootloader for
#        EFM32G232F_Hhhan\Debug\Obj\em_letimer.o"
#        "F:\BootLoader\IAR7.4_Only_IO_Bootloader for
#        EFM32G232F_Hhhan\Debug\Obj\em_leuart.o"
#        "F:\BootLoader\IAR7.4_Only_IO_Bootloader for
#        EFM32G232F_Hhhan\Debug\Obj\em_msc.o"
#        "F:\BootLoader\IAR7.4_Only_IO_Bootloader for
#        EFM32G232F_Hhhan\Debug\Obj\em_opamp.o"
#        "F:\BootLoader\IAR7.4_Only_IO_Bootloader for
#        EFM32G232F_Hhhan\Debug\Obj\em_pcnt.o"
#        "F:\BootLoader\IAR7.4_Only_IO_Bootloader for
#        EFM32G232F_Hhhan\Debug\Obj\em_prs.o"
#        "F:\BootLoader\IAR7.4_Only_IO_Bootloader for
#        EFM32G232F_Hhhan\Debug\Obj\em_rmu.o"
#        "F:\BootLoader\IAR7.4_Only_IO_Bootloader for
#        EFM32G232F_Hhhan\Debug\Obj\em_rtc.o"
#        "F:\BootLoader\IAR7.4_Only_IO_Bootloader for
#        EFM32G232F_Hhhan\Debug\Obj\em_system.o"
#        "F:\BootLoader\IAR7.4_Only_IO_Bootloader for
#        EFM32G232F_Hhhan\Debug\Obj\em_timer.o"
#        "F:\BootLoader\IAR7.4_Only_IO_Bootloader for
#        EFM32G232F_Hhhan\Debug\Obj\em_usart.o"
#        "F:\BootLoader\IAR7.4_Only_IO_Bootloader for
#        EFM32G232F_Hhhan\Debug\Obj\em_vcmp.o"
#        "F:\BootLoader\IAR7.4_Only_IO_Bootloader for
#        EFM32G232F_Hhhan\Debug\Obj\em_wdog.o"
#        "F:\BootLoader\IAR7.4_Only_IO_Bootloader for
#        EFM32G232F_Hhhan\Debug\Obj\HW.o"
#        "F:\BootLoader\IAR7.4_Only_IO_Bootloader for
#        EFM32G232F_Hhhan\Debug\Obj\JISFlash.o"
#        "F:\BootLoader\IAR7.4_Only_IO_Bootloader for
#        EFM32G232F_Hhhan\Debug\Obj\JisTimer.o"
#        "F:\BootLoader\IAR7.4_Only_IO_Bootloader for
#        EFM32G232F_Hhhan\Debug\Obj\main.o"
#        "F:\BootLoader\IAR7.4_Only_IO_Bootloader for
#        EFM32G232F_Hhhan\Debug\Obj\startup_efm32g.o"
#        "F:\BootLoader\IAR7.4_Only_IO_Bootloader for
#        EFM32G232F_Hhhan\Debug\Obj\system.o"
#        "F:\BootLoader\IAR7.4_Only_IO_Bootloader for
#        EFM32G232F_Hhhan\Debug\Obj\system_efm32g.o" --redirect
#        _Printf=_PrintfSmallNoMb --redirect _Scanf=_ScanfSmallNoMb -o
#        "F:\BootLoader\IAR7.4_Only_IO_Bootloader for
#        EFM32G232F_Hhhan\Debug\Exe\E.B.W_BOOTLOADER.out" --map
#        "F:\BootLoader\IAR7.4_Only_IO_Bootloader for
#        EFM32G232F_Hhhan\Debug\List\E.B.W_BOOTLOADER.map" --config "C:\Program
#        Files (x86)\IAR Systems\Embedded Workbench
#        7.2\arm\config\linker\SiliconLaboratories\EFM32G232F128.icf"
#        --semihosting --entry __iar_program_start --vfe
#
###############################################################################

*******************************************************************************
*** RUNTIME MODEL ATTRIBUTES
***

CppFlavor       = *
__SystemLibrary = DLib


*******************************************************************************
*** PLACEMENT SUMMARY
***

"A1":  place at 0x00000000 { ro section .intvec };
"P1":  place in [from 0x00000000 to 0x0001ffff] { ro };
"P2":  place in [from 0x20000000 to 0x20003fff] { rw, block CSTACK, block HEAP };

  Section            Kind        Address    Size  Object
  -------            ----        -------    ----  ------
"A1":                                       0xb8
  .intvec            ro code  0x00000000    0xb8  startup_efm32g.o [1]
                            - 0x000000b8    0xb8

"P1":                                     0x1e34
  .text              ro code  0x000000b8   0x4d8  xprintfsmall_nomb.o [3]
  .text              ro code  0x00000590    0x16  strchr.o [4]
  .text              ro code  0x000005a8    0x36  strlen.o [4]
  .text              ro code  0x000005e0    0x58  memchr.o [4]
  .text              ro code  0x00000638   0x480  em_cmu.o [1]
  .text              ro code  0x00000ab8    0xf8  system_efm32g.o [1]
  .text              ro code  0x00000bb0    0x14  em_emu.o [1]
  Veneer             ro code  0x00000bc4     0x8  - Linker created -
  Veneer             ro code  0x00000bcc     0x8  - Linker created -
  Veneer             ro code  0x00000bd4     0x8  - Linker created -
  .text              ro code  0x00000bdc   0x44c  main.o [1]
  .text              ro code  0x00001028    0x28  em_msc.o [1]
  .text              ro code  0x00001050   0x354  HW.o [1]
  .text              ro code  0x000013a4   0x330  Com_APP.o [1]
  .text              ro code  0x000016d4    0x24  printf.o [3]
  .text              ro code  0x000016f8     0x6  ABImemclr4.o [4]
  .text              ro code  0x00001700    0x6c  JisTimer.o [1]
  .text              ro code  0x0000176c    0x98  em_wdog.o [1]
  .text              ro code  0x00001804    0x76  ABImemcpy_unaligned.o [4]
  .text              ro code  0x0000187c    0x20  em_system.o [1]
  .text              ro code  0x0000189c    0x56  em_gpio.o [1]
  .text              ro code  0x000018f4    0xde  em_usart.o [1]
  .text              ro code  0x000019d4    0x32  ABImemset48.o [4]
  .text              ro code  0x00001a08   0x14c  system.o [1]
  .text              ro code  0x00001b54    0x2a  strncmp.o [3]
  .text              ro code  0x00001b7e    0x40  zero_init3.o [4]
  .text              ro code  0x00001bbe    0x2c  copy_init3.o [4]
  .text              ro code  0x00001bec    0x28  data_init.o [4]
  .iar.init_table    const    0x00001c14    0x24  - Linker created -
  .text              ro code  0x00001c38    0x1a  cmain.o [4]
  .text              ro code  0x00001c52     0x4  low_level_init.o [3]
  .text              ro code  0x00001c56     0x4  exit.o [3]
  .text              ro code  0x00001c5c     0xa  cexit.o [4]
  .text              ro code  0x00001c68    0x14  exit.o [5]
  .text              ro code  0x00001c7c    0x16  xprout.o [3]
  .text              ro code  0x00001c94     0xc  putchar.o [3]
  .text              ro code  0x00001ca0    0x10  startup_efm32g.o [1]
  .text              ro code  0x00001cb0     0xc  cstartup_M.o [4]
  .text              ro code  0x00001cbc     0x4  startup_efm32g.o [1]
  .text              ro code  0x00001cc0     0x4  startup_efm32g.o [1]
  .text              ro code  0x00001cc4     0x4  startup_efm32g.o [1]
  .text              ro code  0x00001cc8     0x4  startup_efm32g.o [1]
  .text              ro code  0x00001ccc     0x4  startup_efm32g.o [1]
  .text              ro code  0x00001cd0     0x4  startup_efm32g.o [1]
  .text              ro code  0x00001cd4     0x4  startup_efm32g.o [1]
  .text              ro code  0x00001cd8     0x4  startup_efm32g.o [1]
  .text              ro code  0x00001cdc     0x4  startup_efm32g.o [1]
  .text              ro code  0x00001ce0     0x4  startup_efm32g.o [1]
  .text              ro code  0x00001ce4     0x4  startup_efm32g.o [1]
  .text              ro code  0x00001ce8     0x4  startup_efm32g.o [1]
  .text              ro code  0x00001cec     0x4  startup_efm32g.o [1]
  .text              ro code  0x00001cf0     0x4  startup_efm32g.o [1]
  .text              ro code  0x00001cf4     0x4  startup_efm32g.o [1]
  .text              ro code  0x00001cf8     0x4  startup_efm32g.o [1]
  .text              ro code  0x00001cfc     0x4  startup_efm32g.o [1]
  .text              ro code  0x00001d00     0x4  startup_efm32g.o [1]
  .text              ro code  0x00001d04     0x4  startup_efm32g.o [1]
  .text              ro code  0x00001d08     0x4  startup_efm32g.o [1]
  .text              ro code  0x00001d0c     0x4  startup_efm32g.o [1]
  .text              ro code  0x00001d10     0x4  startup_efm32g.o [1]
  .text              ro code  0x00001d14     0x4  startup_efm32g.o [1]
  .text              ro code  0x00001d18     0x4  startup_efm32g.o [1]
  .text              ro code  0x00001d1c     0x4  startup_efm32g.o [1]
  .text              ro code  0x00001d20     0x4  startup_efm32g.o [1]
  .text              ro code  0x00001d24     0x4  startup_efm32g.o [1]
  .text              ro code  0x00001d28     0x4  startup_efm32g.o [1]
  .text              ro code  0x00001d2c     0x4  startup_efm32g.o [1]
  .text              ro code  0x00001d30     0x4  startup_efm32g.o [1]
  .text              ro code  0x00001d34     0x4  startup_efm32g.o [1]
  .text              ro code  0x00001d38     0x4  startup_efm32g.o [1]
  .text              ro code  0x00001d3c     0x4  startup_efm32g.o [1]
  .text              ro code  0x00001d40     0x4  startup_efm32g.o [1]
  .text              ro code  0x00001d44     0x4  startup_efm32g.o [1]
  .text              ro code  0x00001d48     0x4  startup_efm32g.o [1]
  .text              ro code  0x00001d4c     0x4  startup_efm32g.o [1]
  .text              ro code  0x00001d50     0x4  startup_efm32g.o [1]
  .text              ro code  0x00001d54     0x4  startup_efm32g.o [1]
  .text              ro code  0x00001d58     0x0  startup_efm32g.o [1]
  .rodata            const    0x00001d58     0x0  zero_init3.o [4]
  .rodata            const    0x00001d58     0x0  copy_init3.o [4]
  Initializer bytes  const    0x00001d58   0x194  <for P2 s0>
                            - 0x00001eec  0x1e34

"P2":                                      0x980
  P2 s0                       0x20000000   0x194  <Init block>
    .textrw          inited   0x20000000   0x120  em_msc.o [1]
    .data            inited   0x20000120    0x40  xfiles.o [3]
    .textrw          inited   0x20000160    0x2c  boot.o [1]
    .data            inited   0x2000018c     0x8  system_efm32g.o [1]
  .bss               zero     0x20000194    0x50  xfiles.o [3]
  .bss               zero     0x200001e4    0x44  JisTimer.o [1]
  .bss               zero     0x20000228    0x28  system.o [1]
  .bss               zero     0x20000250     0x4  Com_APP.o [1]
  .bss               zero     0x20000254     0x4  Com_APP.o [1]
  .bss               zero     0x20000258     0x4  Com_APP.o [1]
  .bss               zero     0x2000025c     0x4  system_efm32g.o [1]
  .bss               zero     0x20000260     0x2  em_emu.o [1]
  .bss               zero     0x20000262     0x2  main.o [1]
  .bss               zero     0x20000264     0x1  main.o [1]
  .bss               zero     0x20000265     0x1  system.o [1]
  .noinit            uninit   0x20000268   0x100  Com_APP.o [1]
  .noinit            uninit   0x20000368   0x100  Com_APP.o [1]
  .noinit            uninit   0x20000468    0x90  Com_APP.o [1]
  .noinit            uninit   0x200004f8    0x88  Com_APP.o [1]
  CSTACK                      0x20000580   0x400  <Block>
    CSTACK           uninit   0x20000580   0x400  <Block tail>
                            - 0x20000980   0x980


*******************************************************************************
*** INIT TABLE
***

          Address     Size
          -------     ----
Zero (__iar_zero_init3)
    1 destination range, total size 0xd2:
          0x20000194   0xd2

Copy (__iar_copy_init3)
    1 source range, total size 0x194:
          0x00001d58  0x194
    1 destination range, total size 0x194:
          0x20000000  0x194



*******************************************************************************
*** MODULE SUMMARY
***

    Module                 ro code  rw code  ro data  rw data
    ------                 -------  -------  -------  -------
F:\BootLoader\IAR7.4_Only_IO_Bootloader for EFM32G232F_Hhhan\Debug\Obj: [1]
    Com_APP.o                  816                        804
    HW.o                       852
    JisTimer.o                 108                         68
    boot.o                               44       44
    em_cmu.o                 1 152
    em_emu.o                    20                          2
    em_gpio.o                   86
    em_msc.o                    40      288      288
    em_system.o                 32
    em_usart.o                 222
    em_wdog.o                  152
    main.o                   1 100                          3
    startup_efm32g.o           356
    system.o                   332                         41
    system_efm32g.o            248                 8       12
    ---------------------------------------------------------
    Total:                   5 516      332      340      930

command line: [2]
    ---------------------------------------------------------
    Total:

dl7M_tlf.a: [3]
    exit.o                       4
    low_level_init.o             4
    printf.o                    36
    putchar.o                   12
    strncmp.o                   42
    xfiles.o                                      64      144
    xprintfsmall_nomb.o      1 240
    xprout.o                    22
    ---------------------------------------------------------
    Total:                   1 360                64      144

rt7M_tl.a: [4]
    ABImemclr4.o                 6
    ABImemcpy_unaligned.o      118
    ABImemset48.o               50
    cexit.o                     10
    cmain.o                     26
    copy_init3.o                44
    cstartup_M.o                12
    data_init.o                 40
    memchr.o                    88
    strchr.o                    22
    strlen.o                    54
    zero_init3.o                64
    ---------------------------------------------------------
    Total:                     534

shb_l.a: [5]
    exit.o                      20
    ---------------------------------------------------------
    Total:                      20

    Gaps                        22                          2
    Linker created              24                36    1 024
-------------------------------------------------------------
    Grand Total:             7 476      332      440    2 100


*******************************************************************************
*** ENTRY LIST
***

Entry                      Address   Size  Type      Object
-----                      -------   ----  ----      ------
.iar.init_table$$Base   0x00001c14          --   Gb  - Linker created -
.iar.init_table$$Limit  0x00001c38          --   Gb  - Linker created -
?main                   0x00001c39         Code  Gb  cmain.o [4]
BITBAND_Peripheral      0x00000639    0xe  Code  Lc  em_cmu.o [1]
BITBAND_Peripheral      0x0000176d    0xe  Code  Lc  em_wdog.o [1]
BOOT_boot               0x2000016d   0x18  Code  Gb  boot.o [1]
BOOT_jump               0x20000161    0xc  Code  Gb  boot.o [1]
CMU_ClockDivSet         0x00000701   0xd4  Code  Gb  em_cmu.o [1]
CMU_ClockEnable         0x000007e5   0x52  Code  Gb  em_cmu.o [1]
CMU_ClockFreqGet        0x00000837   0xc2  Code  Gb  em_cmu.o [1]
CMU_ClockSelectGet      0x000008f9   0x78  Code  Gb  em_cmu.o [1]
CMU_ClockSelectSet      0x00000971   0xaa  Code  Gb  em_cmu.o [1]
CMU_FlashWaitStateControl
                        0x0000066b   0x48  Code  Lc  em_cmu.o [1]
CMU_FlashWaitStateMax   0x00000647   0x24  Code  Lc  em_cmu.o [1]
CMU_LFClkGet            0x000006b3   0x3c  Code  Lc  em_cmu.o [1]
CMU_OscillatorEnable    0x00000a25   0x4e  Code  Gb  em_cmu.o [1]
CMU_Sync                0x000006ef   0x12  Code  Lc  em_cmu.o [1]
CSTACK$$Base            0x20000580          --   Gb  - Linker created -
CSTACK$$Limit           0x20000980          --   Gb  - Linker created -
Com                     0x2000046c    0x4  Data  Lc  Com_APP.o [1]
Com_GetCommand          0x00001491   0x2e  Code  Gb  Com_APP.o [1]
Com_Initial             0x000013a5   0x44  Code  Gb  Com_APP.o [1]
Com_RxProcess           0x00001617   0x70  Code  Gb  Com_APP.o [1]
Com_Rx_Int              0x000014fd  0x10e  Code  Gb  Com_APP.o [1]
Com_Tx_Int              0x000014bf   0x3e  Code  Gb  Com_APP.o [1]
Com_Write               0x00001421   0x70  Code  Gb  Com_APP.o [1]
Current_Transmission_Packet_Size
                        0x20000256    0x2  Data  Gb  Com_APP.o [1]
EMU_UpdateOscConfig     0x00000bb1    0xa  Code  Gb  em_emu.o [1]
Erase_AP_Info_Config    0x00000bf5   0x38  Code  Gb  main.o [1]
Flash_Write             0x00000c7b   0x44  Code  Gb  main.o [1]
GPIO_PinModeSet         0x0000189d   0x42  Code  Gb  em_gpio.o [1]
HW_COM_Initial_IO       0x000011c9   0x58  Code  Gb  HW.o [1]
HW_Com_TX_INT_disable   0x0000125b   0x2e  Code  Gb  HW.o [1]
HW_Com_TX_INT_enable    0x00001243   0x18  Code  Gb  HW.o [1]
HW_Com_Uart_Send_Tx     0x00001221   0x22  Code  Gb  HW.o [1]
HW_Initial_Clock        0x00001091  0x138  Code  Gb  HW.o [1]
HW_WDT_Initial_IO       0x0000106f   0x22  Code  Gb  HW.o [1]
HeaderSize              0x20000250    0x4  Data  Gb  Com_APP.o [1]
LoadInt                 0x0000043f   0x4c  Code  Lc  xprintfsmall_nomb.o [3]
MSC_Deinit              0x0000103b   0x10  Code  Gb  em_msc.o [1]
MSC_ErasePage           0x20000065   0x5e  Code  Gb  em_msc.o [1]
MSC_Init                0x00001029   0x12  Code  Gb  em_msc.o [1]
MSC_WriteWord           0x200000cf   0x44  Code  Gb  em_msc.o [1]
MscLoadAddress          0x20000001   0x20  Code  Gb  em_msc.o [1]
MscLoadData             0x20000021   0x44  Code  Gb  em_msc.o [1]
NVIC_ClearPendingIRQ    0x0000105d    0xa  Code  Lc  HW.o [1]
NVIC_EnableIRQ          0x00001051    0xc  Code  Lc  HW.o [1]
NVIC_SystemReset        0x00000bdd   0x18  Code  Lc  main.o [1]
R_State                 0x20000469    0x1  Data  Lc  Com_APP.o [1]
Region$$Table$$Base     0x00001c14          --   Gb  - Linker created -
Region$$Table$$Limit    0x00001c38          --   Gb  - Linker created -
SYSTEM_ChipRevisionGet  0x0000187d   0x1c  Code  Gb  em_system.o [1]
SysTick_Handler         0x00001a09   0x20  Code  Gb  system.o [1]
SystemCoreClock         0x2000025c    0x4  Data  Gb  system_efm32g.o [1]
SystemCoreClockGet      0x00000ab9   0x1a  Code  Gb  system_efm32g.o [1]
SystemHFClockGet        0x00000ad3   0x82  Code  Gb  system_efm32g.o [1]
SystemHFXOClock         0x2000018c    0x4  Data  Lc  system_efm32g.o [1]
SystemHFXOClockSet      0x00000b55   0x12  Code  Gb  system_efm32g.o [1]
SystemInit              0x00000b67    0x2  Code  Gb  system_efm32g.o [1]
SystemLFRCOClockGet     0x00000b69    0x2  Code  Gb  system_efm32g.o [1]
SystemLFXOClock         0x20000190    0x4  Data  Lc  system_efm32g.o [1]
SystemLFXOClockGet      0x00000b71    0x6  Code  Gb  system_efm32g.o [1]
Timer_100ms_Int         0x0000170d    0xa  Code  Gb  JisTimer.o [1]
Timer_Clear             0x00001717    0xa  Code  Gb  JisTimer.o [1]
Timer_Counter           0x00001721   0x48  Code  Gb  JisTimer.o [1]
Timer_Init              0x00001701    0xc  Code  Gb  JisTimer.o [1]
USART1_RX_IRQHandler    0x00001a29   0x18  Code  Gb  system.o [1]
USART1_TX_IRQHandler    0x00001a41   0x14  Code  Gb  system.o [1]
USART2_Initial          0x00001299   0x52  Code  Gb  HW.o [1]
USART2_RX_IRQHandler    0x00001a55   0x92  Code  Gb  system.o [1]
USART2_TX_IRQHandler    0x00001ae7    0xc  Code  Gb  system.o [1]
USART_BaudrateAsyncSet  0x000018f5   0x58  Code  Gb  em_usart.o [1]
USART_InitAsync         0x0000194d   0x28  Code  Gb  em_usart.o [1]
USART_Reset             0x0000197b   0x30  Code  Gb  em_usart.o [1]
USART_Rx                0x000019bd    0xc  Code  Gb  em_usart.o [1]
USART_Tx                0x000019c9    0xa  Code  Gb  em_usart.o [1]
Uart_RxBUff             0x20000268  0x100  Data  Lc  Com_APP.o [1]
Uart_Rx_Package         0x200004f8   0x88  Data  Lc  Com_APP.o [1]
Uart_TxBUff             0x20000368  0x100  Data  Lc  Com_APP.o [1]
Uart_Tx_Package         0x20000470   0x88  Data  Lc  Com_APP.o [1]
WDOG_Feed               0x0000177f    0xe  Code  Gb  em_wdog.o [1]
WDOG_Init               0x0000178d   0x60  Code  Gb  em_wdog.o [1]
WDOG_Lock               0x000017ed    0xe  Code  Gb  em_wdog.o [1]
_LitobSmallNoMb         0x0000048b   0xce  Code  Lc  xprintfsmall_nomb.o [3]
_PrintfSmallNoMb        0x000000b9  0x380  Code  Gb  xprintfsmall_nomb.o [3]
_Prout                  0x00001c7d   0x16  Code  Gb  xprout.o [3]
_PutcharsSmallNoMb      0x00000559   0x2e  Code  Lc  xprintfsmall_nomb.o [3]
__Vectors               0x00000000          --   Gb  startup_efm32g.o [1]
__Vectors_End           0x000000b8         Data  Gb  startup_efm32g.o [1]
__Vectors_Size {Abs}    0x000000b8          --   Gb  startup_efm32g.o [1]
__aeabi_memclr4         0x000016f9         Code  Gb  ABImemclr4.o [4]
__checksum              0x20000262    0x2  Data  Gb  main.o [1]
__cmain                 0x00001c39         Code  Gb  cmain.o [4]
__exit                  0x00001c69   0x14  Code  Gb  exit.o [5]
__iar_Memchr            0x000005e1         Code  Gb  memchr.o [4]
__iar_Memset4_word      0x000019d5         Code  Gb  ABImemset48.o [4]
__iar_Memset8_word      0x000019d5         Code  Gb  ABImemset48.o [4]
__iar_Stdout            0x20000120   0x40  Data  Gb  xfiles.o [3]
__iar_Strchr            0x00000591         Code  Gb  strchr.o [4]
__iar_copy_init3        0x00001bbf   0x2c  Code  Gb  copy_init3.o [4]
__iar_data_init3        0x00001bed   0x28  Code  Gb  data_init.o [4]
__iar_program_start     0x00001cb1         Code  Gb  cstartup_M.o [4]
__iar_unaligned___aeabi_memcpy
                        0x00001805         Code  Gb  ABImemcpy_unaligned.o [4]
__iar_unaligned___aeabi_memcpy4
                        0x00001825         Code  Gb  ABImemcpy_unaligned.o [4]
__iar_unaligned___aeabi_memcpy8
                        0x00001825         Code  Gb  ABImemcpy_unaligned.o [4]
__iar_zero_init3        0x00001b7f   0x40  Code  Gb  zero_init3.o [4]
__low_level_init        0x00001c53    0x4  Code  Gb  low_level_init.o [3]
__vector_table          0x00000000         Data  Gb  startup_efm32g.o [1]
__vector_table_0x1c     0x0000001c         Data  Gb  startup_efm32g.o [1]
_call_main              0x00001c45         Code  Gb  cmain.o [4]
_exit                   0x00001c5d         Code  Gb  cexit.o [4]
_main                   0x00001c4f         Code  Gb  cmain.o [4]
aw_Timer_Data           0x200001e4   0x40  Data  Lc  JisTimer.o [1]
by_RxPoint              0x20000468    0x1  Data  Lc  Com_APP.o [1]
by_TxTimeOut            0x2000046a    0x1  Data  Lc  Com_APP.o [1]
calculateChecksum       0x000013e9   0x38  Code  Gb  Com_APP.o [1]
cmuStatus               0x20000260    0x2  Data  Lc  em_emu.o [1]
debug_flag              0x2000024c    0x4  Data  Gb  system.o [1]
exit                    0x00001c57    0x4  Code  Gb  exit.o [3]
fputc                   0x00001289   0x10  Code  Gb  HW.o [1]
main                    0x00000cbf  0x228  Code  Gb  main.o [1]
memchr                  0x000005e1         Code  Gb  memchr.o [4]
obuf                    0x20000194   0x50  Data  Lc  xfiles.o [3]
p_usart2RxDataLong      0x20000228    0x1  Data  Gb  system.o [1]
printf                  0x000016d5   0x24  Code  Gb  printf.o [3]
putchar                 0x00001c95    0xc  Code  Gb  putchar.o [3]
strchr                  0x00000591         Code  Gb  strchr.o [4]
strlen                  0x000005a9         Code  Gb  strlen.o [4]
strncmp                 0x00001b55   0x2a  Code  Gb  strncmp.o [3]
updateFlash             0x00000c2d   0x4e  Code  Gb  main.o [1]
usart2RxDataBuf         0x2000022c   0x20  Data  Gb  system.o [1]
w_Timer_Flag            0x20000224    0x4  Data  Lc  JisTimer.o [1]


[1] = F:\BootLoader\IAR7.4_Only_IO_Bootloader for EFM32G232F_Hhhan\Debug\Obj
[2] = command line
[3] = dl7M_tlf.a
[4] = rt7M_tl.a
[5] = shb_l.a

  7 476 bytes of readonly  code memory
    332 bytes of readwrite code memory
    440 bytes of readonly  data memory
  2 100 bytes of readwrite data memory

Errors: none
Warnings: none
