###############################################################################
#
# IAR ELF Linker V7.40.3.8902/W32 for ARM                 15/Jul/2021  15:04:05
# Copyright 2007-2015 IAR Systems AB.
#
#    Output file  =  
#        F:\BootLoader\IAR7.4_Only_IO_Bootloader for
#        EFM32G232F_Hhhan\bootForCommonRelease\Exe\CommonRelease.out
#    Map file     =  
#        F:\BootLoader\IAR7.4_Only_IO_Bootloader for
#        EFM32G232F_Hhhan\bootForCommonRelease\List\CommonRelease.map
#    Command line =  
#        "F:\BootLoader\IAR7.4_Only_IO_Bootloader for
#        EFM32G232F_Hhhan\bootForCommonRelease\Obj\boot.o"
#        "F:\BootLoader\IAR7.4_Only_IO_Bootloader for
#        EFM32G232F_Hhhan\bootForCommonRelease\Obj\Com_APP.o"
#        "F:\BootLoader\IAR7.4_Only_IO_Bootloader for
#        EFM32G232F_Hhhan\bootForCommonRelease\Obj\em_acmp.o"
#        "F:\BootLoader\IAR7.4_Only_IO_Bootloader for
#        EFM32G232F_Hhhan\bootForCommonRelease\Obj\em_adc.o"
#        "F:\BootLoader\IAR7.4_Only_IO_Bootloader for
#        EFM32G232F_Hhhan\bootForCommonRelease\Obj\em_aes.o"
#        "F:\BootLoader\IAR7.4_Only_IO_Bootloader for
#        EFM32G232F_Hhhan\bootForCommonRelease\Obj\em_assert.o"
#        "F:\BootLoader\IAR7.4_Only_IO_Bootloader for
#        EFM32G232F_Hhhan\bootForCommonRelease\Obj\em_burtc.o"
#        "F:\BootLoader\IAR7.4_Only_IO_Bootloader for
#        EFM32G232F_Hhhan\bootForCommonRelease\Obj\em_cmu.o"
#        "F:\BootLoader\IAR7.4_Only_IO_Bootloader for
#        EFM32G232F_Hhhan\bootForCommonRelease\Obj\em_dac.o"
#        "F:\BootLoader\IAR7.4_Only_IO_Bootloader for
#        EFM32G232F_Hhhan\bootForCommonRelease\Obj\em_dbg.o"
#        "F:\BootLoader\IAR7.4_Only_IO_Bootloader for
#        EFM32G232F_Hhhan\bootForCommonRelease\Obj\em_ebi.o"
#        "F:\BootLoader\IAR7.4_Only_IO_Bootloader for
#        EFM32G232F_Hhhan\bootForCommonRelease\Obj\em_emu.o"
#        "F:\BootLoader\IAR7.4_Only_IO_Bootloader for
#        EFM32G232F_Hhhan\bootForCommonRelease\Obj\em_gpio.o"
#        "F:\BootLoader\IAR7.4_Only_IO_Bootloader for
#        EFM32G232F_Hhhan\bootForCommonRelease\Obj\em_i2c.o"
#        "F:\BootLoader\IAR7.4_Only_IO_Bootloader for
#        EFM32G232F_Hhhan\bootForCommonRelease\Obj\em_int.o"
#        "F:\BootLoader\IAR7.4_Only_IO_Bootloader for
#        EFM32G232F_Hhhan\bootForCommonRelease\Obj\em_lcd.o"
#        "F:\BootLoader\IAR7.4_Only_IO_Bootloader for
#        EFM32G232F_Hhhan\bootForCommonRelease\Obj\em_lesense.o"
#        "F:\BootLoader\IAR7.4_Only_IO_Bootloader for
#        EFM32G232F_Hhhan\bootForCommonRelease\Obj\em_letimer.o"
#        "F:\BootLoader\IAR7.4_Only_IO_Bootloader for
#        EFM32G232F_Hhhan\bootForCommonRelease\Obj\em_leuart.o"
#        "F:\BootLoader\IAR7.4_Only_IO_Bootloader for
#        EFM32G232F_Hhhan\bootForCommonRelease\Obj\em_msc.o"
#        "F:\BootLoader\IAR7.4_Only_IO_Bootloader for
#        EFM32G232F_Hhhan\bootForCommonRelease\Obj\em_opamp.o"
#        "F:\BootLoader\IAR7.4_Only_IO_Bootloader for
#        EFM32G232F_Hhhan\bootForCommonRelease\Obj\em_pcnt.o"
#        "F:\BootLoader\IAR7.4_Only_IO_Bootloader for
#        EFM32G232F_Hhhan\bootForCommonRelease\Obj\em_prs.o"
#        "F:\BootLoader\IAR7.4_Only_IO_Bootloader for
#        EFM32G232F_Hhhan\bootForCommonRelease\Obj\em_rmu.o"
#        "F:\BootLoader\IAR7.4_Only_IO_Bootloader for
#        EFM32G232F_Hhhan\bootForCommonRelease\Obj\em_rtc.o"
#        "F:\BootLoader\IAR7.4_Only_IO_Bootloader for
#        EFM32G232F_Hhhan\bootForCommonRelease\Obj\em_system.o"
#        "F:\BootLoader\IAR7.4_Only_IO_Bootloader for
#        EFM32G232F_Hhhan\bootForCommonRelease\Obj\em_timer.o"
#        "F:\BootLoader\IAR7.4_Only_IO_Bootloader for
#        EFM32G232F_Hhhan\bootForCommonRelease\Obj\em_usart.o"
#        "F:\BootLoader\IAR7.4_Only_IO_Bootloader for
#        EFM32G232F_Hhhan\bootForCommonRelease\Obj\em_vcmp.o"
#        "F:\BootLoader\IAR7.4_Only_IO_Bootloader for
#        EFM32G232F_Hhhan\bootForCommonRelease\Obj\em_wdog.o"
#        "F:\BootLoader\IAR7.4_Only_IO_Bootloader for
#        EFM32G232F_Hhhan\bootForCommonRelease\Obj\HW.o"
#        "F:\BootLoader\IAR7.4_Only_IO_Bootloader for
#        EFM32G232F_Hhhan\bootForCommonRelease\Obj\JISFlash.o"
#        "F:\BootLoader\IAR7.4_Only_IO_Bootloader for
#        EFM32G232F_Hhhan\bootForCommonRelease\Obj\main.o"
#        "F:\BootLoader\IAR7.4_Only_IO_Bootloader for
#        EFM32G232F_Hhhan\bootForCommonRelease\Obj\startup_efm32g.o"
#        "F:\BootLoader\IAR7.4_Only_IO_Bootloader for
#        EFM32G232F_Hhhan\bootForCommonRelease\Obj\system.o"
#        "F:\BootLoader\IAR7.4_Only_IO_Bootloader for
#        EFM32G232F_Hhhan\bootForCommonRelease\Obj\system_efm32g.o" --redirect
#        _Printf=_PrintfSmallNoMb --redirect _Scanf=_ScanfSmallNoMb -o
#        "F:\BootLoader\IAR7.4_Only_IO_Bootloader for
#        EFM32G232F_Hhhan\bootForCommonRelease\Exe\CommonRelease.out" --map
#        "F:\BootLoader\IAR7.4_Only_IO_Bootloader for
#        EFM32G232F_Hhhan\bootForCommonRelease\List\CommonRelease.map" --config
#        "F:\BootLoader\IAR7.4_Only_IO_Bootloader for
#        EFM32G232F_Hhhan\boot.icf" --semihosting --entry __iar_program_start
#        --vfe
#
###############################################################################

*******************************************************************************
*** RUNTIME MODEL ATTRIBUTES
***

CppFlavor       = *
__SystemLibrary = DLib


*******************************************************************************
*** PLACEMENT SUMMARY
***

"A1":  place at 0x00000000 { ro section .intvec };
"P1":  place in [from 0x00000000 to 0x00002000] { ro };
"P2":  place in [from 0x20000000 to 0x20003fff] { rw, block CSTACK, block HEAP };

  Section            Kind        Address    Size  Object
  -------            ----        -------    ----  ------
"A1":                                       0xb8
  .intvec            ro code  0x00000000    0xb8  startup_efm32g.o [1]
                            - 0x000000b8    0xb8

"P1":                                     0x1520
  .text              ro code  0x000000b8   0x480  em_cmu.o [1]
  .text              ro code  0x00000538    0xf8  system_efm32g.o [1]
  .text              ro code  0x00000630    0x14  em_emu.o [1]
  Veneer             ro code  0x00000644     0x8  - Linker created -
  Veneer             ro code  0x0000064c     0x8  - Linker created -
  Veneer             ro code  0x00000654     0x8  - Linker created -
  .text              ro code  0x0000065c   0x332  main.o [1]
  .text              ro code  0x00000990    0x28  em_msc.o [1]
  .text              ro code  0x000009b8    0x44  em_rmu.o [1]
  .text              ro code  0x000009fc   0x284  HW.o [1]
  .text              ro code  0x00000c80   0x2c4  Com_APP.o [1]
  .text              ro code  0x00000f44     0x6  ABImemclr4.o [4]
  .text              ro code  0x00000f4c    0x76  ABImemcpy_unaligned.o [4]
  .text              ro code  0x00000fc4    0x56  em_gpio.o [1]
  .text              ro code  0x0000101c    0x20  em_system.o [1]
  .text              ro code  0x0000103c    0xde  em_usart.o [1]
  .text              ro code  0x0000111c    0x32  ABImemset48.o [4]
  .text              ro code  0x00001150   0x148  system.o [1]
  .text              ro code  0x00001298    0x2a  strncmp.o [3]
  .text              ro code  0x000012c2    0x2c  copy_init3.o [4]
  .text              ro code  0x000012f0    0x28  data_init.o [4]
  .iar.init_table    const    0x00001318    0x14  - Linker created -
  .text              ro code  0x0000132c    0x1a  cmain.o [4]
  .text              ro code  0x00001346     0x4  low_level_init.o [3]
  .text              ro code  0x0000134a     0x4  exit.o [3]
  .text              ro code  0x00001350     0xa  cexit.o [4]
  .text              ro code  0x0000135c    0x14  exit.o [5]
  .text              ro code  0x00001370    0x10  startup_efm32g.o [1]
  .text              ro code  0x00001380     0xc  cstartup_M.o [4]
  .text              ro code  0x0000138c     0x4  startup_efm32g.o [1]
  .text              ro code  0x00001390     0x4  startup_efm32g.o [1]
  .text              ro code  0x00001394     0x4  startup_efm32g.o [1]
  .text              ro code  0x00001398     0x4  startup_efm32g.o [1]
  .text              ro code  0x0000139c     0x4  startup_efm32g.o [1]
  .text              ro code  0x000013a0     0x4  startup_efm32g.o [1]
  .text              ro code  0x000013a4     0x4  startup_efm32g.o [1]
  .text              ro code  0x000013a8     0x4  startup_efm32g.o [1]
  .text              ro code  0x000013ac     0x4  startup_efm32g.o [1]
  .text              ro code  0x000013b0     0x4  startup_efm32g.o [1]
  .text              ro code  0x000013b4     0x4  startup_efm32g.o [1]
  .text              ro code  0x000013b8     0x4  startup_efm32g.o [1]
  .text              ro code  0x000013bc     0x4  startup_efm32g.o [1]
  .text              ro code  0x000013c0     0x4  startup_efm32g.o [1]
  .text              ro code  0x000013c4     0x4  startup_efm32g.o [1]
  .text              ro code  0x000013c8     0x4  startup_efm32g.o [1]
  .text              ro code  0x000013cc     0x4  startup_efm32g.o [1]
  .text              ro code  0x000013d0     0x4  startup_efm32g.o [1]
  .text              ro code  0x000013d4     0x4  startup_efm32g.o [1]
  .text              ro code  0x000013d8     0x4  startup_efm32g.o [1]
  .text              ro code  0x000013dc     0x4  startup_efm32g.o [1]
  .text              ro code  0x000013e0     0x4  startup_efm32g.o [1]
  .text              ro code  0x000013e4     0x4  startup_efm32g.o [1]
  .text              ro code  0x000013e8     0x4  startup_efm32g.o [1]
  .text              ro code  0x000013ec     0x4  startup_efm32g.o [1]
  .text              ro code  0x000013f0     0x4  startup_efm32g.o [1]
  .text              ro code  0x000013f4     0x4  startup_efm32g.o [1]
  .text              ro code  0x000013f8     0x4  startup_efm32g.o [1]
  .text              ro code  0x000013fc     0x4  startup_efm32g.o [1]
  .text              ro code  0x00001400     0x4  startup_efm32g.o [1]
  .text              ro code  0x00001404     0x4  startup_efm32g.o [1]
  .text              ro code  0x00001408     0x4  startup_efm32g.o [1]
  .text              ro code  0x0000140c     0x4  startup_efm32g.o [1]
  .text              ro code  0x00001410     0x4  startup_efm32g.o [1]
  .text              ro code  0x00001414     0x4  startup_efm32g.o [1]
  .text              ro code  0x00001418     0x4  startup_efm32g.o [1]
  .text              ro code  0x0000141c     0x4  startup_efm32g.o [1]
  .text              ro code  0x00001420     0x4  startup_efm32g.o [1]
  .text              ro code  0x00001424     0x4  startup_efm32g.o [1]
  .text              ro code  0x00001428     0x0  startup_efm32g.o [1]
  .rodata            const    0x00001428     0x0  copy_init3.o [4]
  Initializer bytes  const    0x00001428   0x1b0  <for P2 s0>
                            - 0x000015d8  0x1520

"P2":                                      0x8c8
  P2 s0                       0x20000000   0x1b0  <Init block>
    .textrw          inited   0x20000000   0x120  em_msc.o [1]
    .textrw          inited   0x20000120    0x30  boot.o [1]
    .data            inited   0x20000150    0x28  system.o [1]
    .data            inited   0x20000178    0x10  main.o [1]
    .bss             inited   0x20000188     0xc  system.o [1]
    .data            inited   0x20000194     0x8  system_efm32g.o [1]
    .bss             inited   0x2000019c     0x4  Com_APP.o [1]
    .bss             inited   0x200001a0     0x4  Com_APP.o [1]
    .bss             inited   0x200001a4     0x4  Com_APP.o [1]
    .bss             inited   0x200001a8     0x4  system_efm32g.o [1]
    .bss             inited   0x200001ac     0x2  em_emu.o [1]
    .bss             inited   0x200001ae     0x1  main.o [1]
  .noinit            uninit   0x200001b0   0x100  Com_APP.o [1]
  .noinit            uninit   0x200002b0   0x100  Com_APP.o [1]
  .noinit            uninit   0x200003b0    0x90  Com_APP.o [1]
  .noinit            uninit   0x20000440    0x88  Com_APP.o [1]
  CSTACK                      0x200004c8   0x400  <Block>
    CSTACK           uninit   0x200004c8   0x400  <Block tail>
                            - 0x200008c8   0x8c8


*******************************************************************************
*** INIT TABLE
***

          Address     Size
          -------     ----
Copy (__iar_copy_init3)
    1 source range, total size 0x1b0 (100% of destination):
          0x00001428  0x1b0
    1 destination range, total size 0x1af:
          0x20000000  0x1af



*******************************************************************************
*** MODULE SUMMARY
***

    Module                 ro code  rw code  ro data  rw data
    ------                 -------  -------  -------  -------
F:\BootLoader\IAR7.4_Only_IO_Bootloader for EFM32G232F_Hhhan\bootForCommonRelease\Obj: [1]
    Com_APP.o                  708                12      804
    HW.o                       644
    boot.o                               48       48
    em_cmu.o                 1 152
    em_emu.o                    20                 2        2
    em_gpio.o                   86
    em_msc.o                    40      288      288
    em_rmu.o                    68
    em_system.o                 32
    em_usart.o                 222
    main.o                     818                17       17
    startup_efm32g.o           356
    system.o                   328                52       52
    system_efm32g.o            248                12       12
    ---------------------------------------------------------
    Total:                   4 722      336      431      887

command line: [2]
    ---------------------------------------------------------
    Total:

dl7M_tlf.a: [3]
    exit.o                       4
    low_level_init.o             4
    strncmp.o                   42
    ---------------------------------------------------------
    Total:                      50

rt7M_tl.a: [4]
    ABImemclr4.o                 6
    ABImemcpy_unaligned.o      118
    ABImemset48.o               50
    cexit.o                     10
    cmain.o                     26
    copy_init3.o                44
    cstartup_M.o                12
    data_init.o                 40
    ---------------------------------------------------------
    Total:                     306

shb_l.a: [5]
    exit.o                      20
    ---------------------------------------------------------
    Total:                      20

    Gaps                        18
    Linker created              24                21    1 024
-------------------------------------------------------------
    Grand Total:             5 140      336      452    1 911


*******************************************************************************
*** ENTRY LIST
***

Entry                      Address   Size  Type      Object
-----                      -------   ----  ----      ------
.iar.init_table$$Base   0x00001318          --   Gb  - Linker created -
.iar.init_table$$Limit  0x0000132c          --   Gb  - Linker created -
?main                   0x0000132d         Code  Gb  cmain.o [4]
BITBAND_Peripheral      0x000000b9    0xe  Code  Lc  em_cmu.o [1]
BOOT_boot               0x2000012d    0xc  Code  Gb  boot.o [1]
BOOT_jump               0x20000121    0xc  Code  Gb  boot.o [1]
CMU_ClockDivSet         0x00000181   0xd4  Code  Gb  em_cmu.o [1]
CMU_ClockEnable         0x00000265   0x52  Code  Gb  em_cmu.o [1]
CMU_ClockFreqGet        0x000002b7   0xc2  Code  Gb  em_cmu.o [1]
CMU_ClockSelectGet      0x00000379   0x78  Code  Gb  em_cmu.o [1]
CMU_ClockSelectSet      0x000003f1   0xaa  Code  Gb  em_cmu.o [1]
CMU_FlashWaitStateControl
                        0x000000eb   0x48  Code  Lc  em_cmu.o [1]
CMU_FlashWaitStateMax   0x000000c7   0x24  Code  Lc  em_cmu.o [1]
CMU_LFClkGet            0x00000133   0x3c  Code  Lc  em_cmu.o [1]
CMU_OscillatorEnable    0x000004a5   0x4e  Code  Gb  em_cmu.o [1]
CMU_Sync                0x0000016f   0x12  Code  Lc  em_cmu.o [1]
CSTACK$$Base            0x200004c8          --   Gb  - Linker created -
CSTACK$$Limit           0x200008c8          --   Gb  - Linker created -
Com                     0x200003b4    0x4  Data  Lc  Com_APP.o [1]
Com_GetCommand          0x00000d6d   0x2e  Code  Gb  Com_APP.o [1]
Com_Initial             0x00000c81   0x44  Code  Gb  Com_APP.o [1]
Com_RxProcess           0x00000ec9   0x5e  Code  Gb  Com_APP.o [1]
Com_Rx_Int              0x00000dcd   0xfc  Code  Gb  Com_APP.o [1]
Com_Tx_Int              0x00000d9b   0x30  Code  Gb  Com_APP.o [1]
Com_Write               0x00000cfd   0x70  Code  Gb  Com_APP.o [1]
Current_Transmission_Packet_Size
                        0x200001a2    0x2  Data  Gb  Com_APP.o [1]
EMU_UpdateOscConfig     0x00000631    0xa  Code  Gb  em_emu.o [1]
Erase_AP_Info_Config    0x00000675   0x38  Code  Gb  main.o [1]
FlagToBUZZER            0x2000018c    0x4  Data  Gb  system.o [1]
Flash_Write             0x000006fb   0x44  Code  Gb  main.o [1]
GPIO_PinModeSet         0x00000fc5   0x42  Code  Gb  em_gpio.o [1]
HW_COM_Initial_IO       0x00000b5b   0x58  Code  Gb  HW.o [1]
HW_Com_TX_INT_disable   0x00000bd3   0x2e  Code  Gb  HW.o [1]
HW_Com_TX_INT_enable    0x00000bbb   0x18  Code  Gb  HW.o [1]
HW_Com_Uart_Send_Tx     0x00000bb3    0x8  Code  Gb  HW.o [1]
HW_Initial_Clock        0x00000a27  0x134  Code  Gb  HW.o [1]
HeaderSize              0x2000019c    0x4  Data  Gb  Com_APP.o [1]
MSC_Deinit              0x000009a3   0x10  Code  Gb  em_msc.o [1]
MSC_ErasePage           0x20000065   0x5e  Code  Gb  em_msc.o [1]
MSC_Init                0x00000991   0x12  Code  Gb  em_msc.o [1]
MSC_WriteWord           0x200000cf   0x44  Code  Gb  em_msc.o [1]
MscLoadAddress          0x20000001   0x20  Code  Gb  em_msc.o [1]
MscLoadData             0x20000021   0x44  Code  Gb  em_msc.o [1]
NVIC_ClearPendingIRQ    0x00000a1b    0xc  Code  Lc  HW.o [1]
NVIC_DisableIRQ         0x00000a09    0xa  Code  Lc  HW.o [1]
NVIC_EnableIRQ          0x000009fd    0xc  Code  Lc  HW.o [1]
NVIC_SystemReset        0x0000065d   0x18  Code  Lc  main.o [1]
RMU_ResetCauseGet       0x000009b9   0x40  Code  Gb  em_rmu.o [1]
R_State                 0x200003b1    0x1  Data  Lc  Com_APP.o [1]
Region$$Table$$Base     0x00001318          --   Gb  - Linker created -
Region$$Table$$Limit    0x0000132c          --   Gb  - Linker created -
SYSTEM_ChipRevisionGet  0x0000101d   0x1c  Code  Gb  em_system.o [1]
SysTick_Handler         0x00001151   0x48  Code  Gb  system.o [1]
SystemCoreClock         0x200001a8    0x4  Data  Gb  system_efm32g.o [1]
SystemCoreClockGet      0x00000539   0x1a  Code  Gb  system_efm32g.o [1]
SystemHFClockGet        0x00000553   0x82  Code  Gb  system_efm32g.o [1]
SystemHFXOClock         0x20000194    0x4  Data  Lc  system_efm32g.o [1]
SystemHFXOClockSet      0x000005d5   0x12  Code  Gb  system_efm32g.o [1]
SystemInit              0x000005e7    0x2  Code  Gb  system_efm32g.o [1]
SystemLFRCOClockGet     0x000005e9    0x2  Code  Gb  system_efm32g.o [1]
SystemLFXOClock         0x20000198    0x4  Data  Lc  system_efm32g.o [1]
SystemLFXOClockGet      0x000005f1    0x6  Code  Gb  system_efm32g.o [1]
TimeToAppHeart          0x2000017c    0x4  Data  Gb  main.o [1]
TimeToBUZZER            0x20000190    0x4  Data  Gb  system.o [1]
USART1_RX_IRQHandler    0x00001199   0x18  Code  Gb  system.o [1]
USART1_TX_IRQHandler    0x000011b1   0x14  Code  Gb  system.o [1]
USART2_RX_IRQHandler    0x000011c5   0x8a  Code  Gb  system.o [1]
USART2_TX_IRQHandler    0x0000124f    0xc  Code  Gb  system.o [1]
USART_BaudrateAsyncSet  0x0000103d   0x58  Code  Gb  em_usart.o [1]
USART_InitAsync         0x00001095   0x28  Code  Gb  em_usart.o [1]
USART_Reset             0x000010c3   0x30  Code  Gb  em_usart.o [1]
USART_Rx                0x00001105    0xc  Code  Gb  em_usart.o [1]
USART_Tx                0x00001111    0xa  Code  Gb  em_usart.o [1]
Uart_RxBUff             0x200001b0  0x100  Data  Lc  Com_APP.o [1]
Uart_Rx_Package         0x20000440   0x88  Data  Lc  Com_APP.o [1]
Uart_TxBUff             0x200002b0  0x100  Data  Lc  Com_APP.o [1]
Uart_Tx_Package         0x200003b8   0x88  Data  Lc  Com_APP.o [1]
Version_Ay              0x20000180    0x8  Data  Gb  main.o [1]
__Vectors               0x00000000          --   Gb  startup_efm32g.o [1]
__Vectors_End           0x000000b8         Data  Gb  startup_efm32g.o [1]
__Vectors_Size {Abs}    0x000000b8          --   Gb  startup_efm32g.o [1]
__aeabi_memclr4         0x00000f45         Code  Gb  ABImemclr4.o [4]
__checksum              0x20000178    0x2  Data  Gb  main.o [1]
__cmain                 0x0000132d         Code  Gb  cmain.o [4]
__exit                  0x0000135d   0x14  Code  Gb  exit.o [5]
__iar_Memset4_word      0x0000111d         Code  Gb  ABImemset48.o [4]
__iar_Memset8_word      0x0000111d         Code  Gb  ABImemset48.o [4]
__iar_copy_init3        0x000012c3   0x2c  Code  Gb  copy_init3.o [4]
__iar_data_init3        0x000012f1   0x28  Code  Gb  data_init.o [4]
__iar_program_start     0x00001381         Code  Gb  cstartup_M.o [4]
__iar_unaligned___aeabi_memcpy
                        0x00000f4d         Code  Gb  ABImemcpy_unaligned.o [4]
__iar_unaligned___aeabi_memcpy4
                        0x00000f6d         Code  Gb  ABImemcpy_unaligned.o [4]
__iar_unaligned___aeabi_memcpy8
                        0x00000f6d         Code  Gb  ABImemcpy_unaligned.o [4]
__low_level_init        0x00001347    0x4  Code  Gb  low_level_init.o [3]
__vector_table          0x00000000         Data  Gb  startup_efm32g.o [1]
__vector_table_0x1c     0x0000001c         Data  Gb  startup_efm32g.o [1]
_call_main              0x00001339         Code  Gb  cmain.o [4]
_exit                   0x00001351         Code  Gb  cexit.o [4]
_main                   0x00001343         Code  Gb  cmain.o [4]
by_RxPoint              0x200003b0    0x1  Data  Lc  Com_APP.o [1]
by_TxTimeOut            0x200003b2    0x1  Data  Lc  Com_APP.o [1]
calculateChecksum       0x00000cc5   0x38  Code  Gb  Com_APP.o [1]
cmuStatus               0x200001ac    0x2  Data  Lc  em_emu.o [1]
debug_flag              0x20000174    0x4  Data  Gb  system.o [1]
exit                    0x0000134b    0x4  Code  Gb  exit.o [3]
getCheckSumCRC16ForROMBIN
                        0x0000073f   0x30  Code  Gb  main.o [1]
main                    0x0000076f  0x1dc  Code  Gb  main.o [1]
p_usart2RxDataLong      0x20000150    0x1  Data  Gb  system.o [1]
strncmp                 0x00001299   0x2a  Code  Gb  strncmp.o [3]
systimeMs               0x20000188    0x4  Data  Gb  system.o [1]
updateFlash             0x000006ad   0x4e  Code  Gb  main.o [1]
usart2RxDataBuf         0x20000154   0x20  Data  Gb  system.o [1]


[1] = F:\BootLoader\IAR7.4_Only_IO_Bootloader for EFM32G232F_Hhhan\bootForCommonRelease\Obj
[2] = command line
[3] = dl7M_tlf.a
[4] = rt7M_tl.a
[5] = shb_l.a

  5 140 bytes of readonly  code memory
    336 bytes of readwrite code memory
    452 bytes of readonly  data memory
  1 911 bytes of readwrite data memory

Errors: none
Warnings: none
