###############################################################################
#
# IAR ELF Linker V7.40.3.8902/W32 for ARM                 28/Apr/2021  12:01:12
# Copyright 2007-2015 IAR Systems AB.
#
#    Output file  =  
#        F:\BootLoader\IAR7.4_Only_IO_Bootloader for
#        EFM32G232F_Hhhan\bootForCommonRelease\Exe\E.B.W_BOOTLOADER.out
#    Map file     =  
#        F:\BootLoader\IAR7.4_Only_IO_Bootloader for
#        EFM32G232F_Hhhan\bootForCommonRelease\List\E.B.W_BOOTLOADER.map
#    Command line =  
#        "F:\BootLoader\IAR7.4_Only_IO_Bootloader for
#        EFM32G232F_Hhhan\bootForCommonRelease\Obj\boot.o"
#        "F:\BootLoader\IAR7.4_Only_IO_Bootloader for
#        EFM32G232F_Hhhan\bootForCommonRelease\Obj\Com_APP.o"
#        "F:\BootLoader\IAR7.4_Only_IO_Bootloader for
#        EFM32G232F_Hhhan\bootForCommonRelease\Obj\em_acmp.o"
#        "F:\BootLoader\IAR7.4_Only_IO_Bootloader for
#        EFM32G232F_Hhhan\bootForCommonRelease\Obj\em_adc.o"
#        "F:\BootLoader\IAR7.4_Only_IO_Bootloader for
#        EFM32G232F_Hhhan\bootForCommonRelease\Obj\em_aes.o"
#        "F:\BootLoader\IAR7.4_Only_IO_Bootloader for
#        EFM32G232F_Hhhan\bootForCommonRelease\Obj\em_assert.o"
#        "F:\BootLoader\IAR7.4_Only_IO_Bootloader for
#        EFM32G232F_Hhhan\bootForCommonRelease\Obj\em_burtc.o"
#        "F:\BootLoader\IAR7.4_Only_IO_Bootloader for
#        EFM32G232F_Hhhan\bootForCommonRelease\Obj\em_cmu.o"
#        "F:\BootLoader\IAR7.4_Only_IO_Bootloader for
#        EFM32G232F_Hhhan\bootForCommonRelease\Obj\em_dac.o"
#        "F:\BootLoader\IAR7.4_Only_IO_Bootloader for
#        EFM32G232F_Hhhan\bootForCommonRelease\Obj\em_dbg.o"
#        "F:\BootLoader\IAR7.4_Only_IO_Bootloader for
#        EFM32G232F_Hhhan\bootForCommonRelease\Obj\em_ebi.o"
#        "F:\BootLoader\IAR7.4_Only_IO_Bootloader for
#        EFM32G232F_Hhhan\bootForCommonRelease\Obj\em_emu.o"
#        "F:\BootLoader\IAR7.4_Only_IO_Bootloader for
#        EFM32G232F_Hhhan\bootForCommonRelease\Obj\em_gpio.o"
#        "F:\BootLoader\IAR7.4_Only_IO_Bootloader for
#        EFM32G232F_Hhhan\bootForCommonRelease\Obj\em_i2c.o"
#        "F:\BootLoader\IAR7.4_Only_IO_Bootloader for
#        EFM32G232F_Hhhan\bootForCommonRelease\Obj\em_int.o"
#        "F:\BootLoader\IAR7.4_Only_IO_Bootloader for
#        EFM32G232F_Hhhan\bootForCommonRelease\Obj\em_lcd.o"
#        "F:\BootLoader\IAR7.4_Only_IO_Bootloader for
#        EFM32G232F_Hhhan\bootForCommonRelease\Obj\em_lesense.o"
#        "F:\BootLoader\IAR7.4_Only_IO_Bootloader for
#        EFM32G232F_Hhhan\bootForCommonRelease\Obj\em_letimer.o"
#        "F:\BootLoader\IAR7.4_Only_IO_Bootloader for
#        EFM32G232F_Hhhan\bootForCommonRelease\Obj\em_leuart.o"
#        "F:\BootLoader\IAR7.4_Only_IO_Bootloader for
#        EFM32G232F_Hhhan\bootForCommonRelease\Obj\em_msc.o"
#        "F:\BootLoader\IAR7.4_Only_IO_Bootloader for
#        EFM32G232F_Hhhan\bootForCommonRelease\Obj\em_opamp.o"
#        "F:\BootLoader\IAR7.4_Only_IO_Bootloader for
#        EFM32G232F_Hhhan\bootForCommonRelease\Obj\em_pcnt.o"
#        "F:\BootLoader\IAR7.4_Only_IO_Bootloader for
#        EFM32G232F_Hhhan\bootForCommonRelease\Obj\em_prs.o"
#        "F:\BootLoader\IAR7.4_Only_IO_Bootloader for
#        EFM32G232F_Hhhan\bootForCommonRelease\Obj\em_rmu.o"
#        "F:\BootLoader\IAR7.4_Only_IO_Bootloader for
#        EFM32G232F_Hhhan\bootForCommonRelease\Obj\em_rtc.o"
#        "F:\BootLoader\IAR7.4_Only_IO_Bootloader for
#        EFM32G232F_Hhhan\bootForCommonRelease\Obj\em_system.o"
#        "F:\BootLoader\IAR7.4_Only_IO_Bootloader for
#        EFM32G232F_Hhhan\bootForCommonRelease\Obj\em_timer.o"
#        "F:\BootLoader\IAR7.4_Only_IO_Bootloader for
#        EFM32G232F_Hhhan\bootForCommonRelease\Obj\em_usart.o"
#        "F:\BootLoader\IAR7.4_Only_IO_Bootloader for
#        EFM32G232F_Hhhan\bootForCommonRelease\Obj\em_vcmp.o"
#        "F:\BootLoader\IAR7.4_Only_IO_Bootloader for
#        EFM32G232F_Hhhan\bootForCommonRelease\Obj\em_wdog.o"
#        "F:\BootLoader\IAR7.4_Only_IO_Bootloader for
#        EFM32G232F_Hhhan\bootForCommonRelease\Obj\HW.o"
#        "F:\BootLoader\IAR7.4_Only_IO_Bootloader for
#        EFM32G232F_Hhhan\bootForCommonRelease\Obj\JISFlash.o"
#        "F:\BootLoader\IAR7.4_Only_IO_Bootloader for
#        EFM32G232F_Hhhan\bootForCommonRelease\Obj\main.o"
#        "F:\BootLoader\IAR7.4_Only_IO_Bootloader for
#        EFM32G232F_Hhhan\bootForCommonRelease\Obj\startup_efm32g.o"
#        "F:\BootLoader\IAR7.4_Only_IO_Bootloader for
#        EFM32G232F_Hhhan\bootForCommonRelease\Obj\system.o"
#        "F:\BootLoader\IAR7.4_Only_IO_Bootloader for
#        EFM32G232F_Hhhan\bootForCommonRelease\Obj\system_efm32g.o" --redirect
#        _Printf=_PrintfSmallNoMb --redirect _Scanf=_ScanfSmallNoMb -o
#        "F:\BootLoader\IAR7.4_Only_IO_Bootloader for
#        EFM32G232F_Hhhan\bootForCommonRelease\Exe\E.B.W_BOOTLOADER.out" --map
#        "F:\BootLoader\IAR7.4_Only_IO_Bootloader for
#        EFM32G232F_Hhhan\bootForCommonRelease\List\E.B.W_BOOTLOADER.map"
#        --config "C:\Program Files (x86)\IAR Systems\Embedded Workbench
#        7.2\arm\config\linker\SiliconLaboratories\EFM32G232F128.icf"
#        --semihosting --entry __iar_program_start --vfe
#
###############################################################################

*******************************************************************************
*** RUNTIME MODEL ATTRIBUTES
***

CppFlavor       = *
__SystemLibrary = DLib


*******************************************************************************
*** PLACEMENT SUMMARY
***

"A1":  place at 0x00000000 { ro section .intvec };
"P1":  place in [from 0x00000000 to 0x0001ffff] { ro };
"P2":  place in [from 0x20000000 to 0x20003fff] { rw, block CSTACK, block HEAP };

  Section            Kind        Address    Size  Object
  -------            ----        -------    ----  ------
"A1":                                       0xb8
  .intvec            ro code  0x00000000    0xb8  startup_efm32g.o [1]
                            - 0x000000b8    0xb8

"P1":                                     0x1480
  .text              ro code  0x000000b8   0x480  em_cmu.o [1]
  .text              ro code  0x00000538    0xf8  system_efm32g.o [1]
  .text              ro code  0x00000630    0x14  em_emu.o [1]
  Veneer             ro code  0x00000644     0x8  - Linker created -
  Veneer             ro code  0x0000064c     0x8  - Linker created -
  Veneer             ro code  0x00000654     0x8  - Linker created -
  .text              ro code  0x0000065c   0x2e6  main.o [1]
  .text              ro code  0x00000944    0x28  em_msc.o [1]
  .text              ro code  0x0000096c    0x44  em_rmu.o [1]
  .text              ro code  0x000009b0   0x278  HW.o [1]
  .text              ro code  0x00000c28   0x2c4  Com_APP.o [1]
  .text              ro code  0x00000eec     0x6  ABImemclr4.o [4]
  .text              ro code  0x00000ef4    0x76  ABImemcpy_unaligned.o [4]
  .text              ro code  0x00000f6c    0x56  em_gpio.o [1]
  .text              ro code  0x00000fc4    0x20  em_system.o [1]
  .text              ro code  0x00000fe4    0xde  em_usart.o [1]
  .text              ro code  0x000010c4    0x32  ABImemset48.o [4]
  .text              ro code  0x000010f8   0x108  system.o [1]
  .text              ro code  0x00001200    0x2a  strncmp.o [3]
  .text              ro code  0x0000122a    0x2c  copy_init3.o [4]
  .text              ro code  0x00001258    0x28  data_init.o [4]
  .iar.init_table    const    0x00001280    0x14  - Linker created -
  .text              ro code  0x00001294    0x1a  cmain.o [4]
  .text              ro code  0x000012ae     0x4  low_level_init.o [3]
  .text              ro code  0x000012b2     0x4  exit.o [3]
  .text              ro code  0x000012b8     0xa  cexit.o [4]
  .text              ro code  0x000012c4    0x14  exit.o [5]
  .text              ro code  0x000012d8    0x10  startup_efm32g.o [1]
  .text              ro code  0x000012e8     0xc  cstartup_M.o [4]
  .text              ro code  0x000012f4     0x4  startup_efm32g.o [1]
  .text              ro code  0x000012f8     0x4  startup_efm32g.o [1]
  .text              ro code  0x000012fc     0x4  startup_efm32g.o [1]
  .text              ro code  0x00001300     0x4  startup_efm32g.o [1]
  .text              ro code  0x00001304     0x4  startup_efm32g.o [1]
  .text              ro code  0x00001308     0x4  startup_efm32g.o [1]
  .text              ro code  0x0000130c     0x4  startup_efm32g.o [1]
  .text              ro code  0x00001310     0x4  startup_efm32g.o [1]
  .text              ro code  0x00001314     0x4  startup_efm32g.o [1]
  .text              ro code  0x00001318     0x4  startup_efm32g.o [1]
  .text              ro code  0x0000131c     0x4  startup_efm32g.o [1]
  .text              ro code  0x00001320     0x4  startup_efm32g.o [1]
  .text              ro code  0x00001324     0x4  startup_efm32g.o [1]
  .text              ro code  0x00001328     0x4  startup_efm32g.o [1]
  .text              ro code  0x0000132c     0x4  startup_efm32g.o [1]
  .text              ro code  0x00001330     0x4  startup_efm32g.o [1]
  .text              ro code  0x00001334     0x4  startup_efm32g.o [1]
  .text              ro code  0x00001338     0x4  startup_efm32g.o [1]
  .text              ro code  0x0000133c     0x4  startup_efm32g.o [1]
  .text              ro code  0x00001340     0x4  startup_efm32g.o [1]
  .text              ro code  0x00001344     0x4  startup_efm32g.o [1]
  .text              ro code  0x00001348     0x4  startup_efm32g.o [1]
  .text              ro code  0x0000134c     0x4  startup_efm32g.o [1]
  .text              ro code  0x00001350     0x4  startup_efm32g.o [1]
  .text              ro code  0x00001354     0x4  startup_efm32g.o [1]
  .text              ro code  0x00001358     0x4  startup_efm32g.o [1]
  .text              ro code  0x0000135c     0x4  startup_efm32g.o [1]
  .text              ro code  0x00001360     0x4  startup_efm32g.o [1]
  .text              ro code  0x00001364     0x4  startup_efm32g.o [1]
  .text              ro code  0x00001368     0x4  startup_efm32g.o [1]
  .text              ro code  0x0000136c     0x4  startup_efm32g.o [1]
  .text              ro code  0x00001370     0x4  startup_efm32g.o [1]
  .text              ro code  0x00001374     0x4  startup_efm32g.o [1]
  .text              ro code  0x00001378     0x4  startup_efm32g.o [1]
  .text              ro code  0x0000137c     0x4  startup_efm32g.o [1]
  .text              ro code  0x00001380     0x4  startup_efm32g.o [1]
  .text              ro code  0x00001384     0x4  startup_efm32g.o [1]
  .text              ro code  0x00001388     0x4  startup_efm32g.o [1]
  .text              ro code  0x0000138c     0x4  startup_efm32g.o [1]
  .text              ro code  0x00001390     0x0  startup_efm32g.o [1]
  .rodata            const    0x00001390     0x0  copy_init3.o [4]
  Initializer bytes  const    0x00001390   0x1a8  <for P2 s0>
                            - 0x00001538  0x1480

"P2":                                      0x8c0
  P2 s0                       0x20000000   0x1a8  <Init block>
    .textrw          inited   0x20000000   0x120  em_msc.o [1]
    .textrw          inited   0x20000120    0x30  boot.o [1]
    .bss             inited   0x20000150    0x28  system.o [1]
    .data            inited   0x20000178    0x10  main.o [1]
    .data            inited   0x20000188     0x8  system_efm32g.o [1]
    .bss             inited   0x20000190     0x4  Com_APP.o [1]
    .bss             inited   0x20000194     0x4  Com_APP.o [1]
    .bss             inited   0x20000198     0x4  Com_APP.o [1]
    .bss             inited   0x2000019c     0x4  system.o [1]
    .bss             inited   0x200001a0     0x4  system_efm32g.o [1]
    .bss             inited   0x200001a4     0x2  em_emu.o [1]
    .bss             inited   0x200001a6     0x1  main.o [1]
  .noinit            uninit   0x200001a8   0x100  Com_APP.o [1]
  .noinit            uninit   0x200002a8   0x100  Com_APP.o [1]
  .noinit            uninit   0x200003a8    0x90  Com_APP.o [1]
  .noinit            uninit   0x20000438    0x88  Com_APP.o [1]
  CSTACK                      0x200004c0   0x400  <Block>
    CSTACK           uninit   0x200004c0   0x400  <Block tail>
                            - 0x200008c0   0x8c0


*******************************************************************************
*** INIT TABLE
***

          Address     Size
          -------     ----
Copy (__iar_copy_init3)
    1 source range, total size 0x1a8 (100% of destination):
          0x00001390  0x1a8
    1 destination range, total size 0x1a7:
          0x20000000  0x1a7



*******************************************************************************
*** MODULE SUMMARY
***

    Module                 ro code  rw code  ro data  rw data
    ------                 -------  -------  -------  -------
F:\BootLoader\IAR7.4_Only_IO_Bootloader for EFM32G232F_Hhhan\bootForCommonRelease\Obj: [1]
    Com_APP.o                  708                12      804
    HW.o                       632
    boot.o                               48       48
    em_cmu.o                 1 152
    em_emu.o                    20                 2        2
    em_gpio.o                   86
    em_msc.o                    40      288      288
    em_rmu.o                    68
    em_system.o                 32
    em_usart.o                 222
    main.o                     742                17       17
    startup_efm32g.o           356
    system.o                   264                44       44
    system_efm32g.o            248                12       12
    ---------------------------------------------------------
    Total:                   4 570      336      423      879

command line: [2]
    ---------------------------------------------------------
    Total:

dl7M_tlf.a: [3]
    exit.o                       4
    low_level_init.o             4
    strncmp.o                   42
    ---------------------------------------------------------
    Total:                      50

rt7M_tl.a: [4]
    ABImemclr4.o                 6
    ABImemcpy_unaligned.o      118
    ABImemset48.o               50
    cexit.o                     10
    cmain.o                     26
    copy_init3.o                44
    cstartup_M.o                12
    data_init.o                 40
    ---------------------------------------------------------
    Total:                     306

shb_l.a: [5]
    exit.o                      20
    ---------------------------------------------------------
    Total:                      20

    Gaps                        18
    Linker created              24                21    1 024
-------------------------------------------------------------
    Grand Total:             4 988      336      444    1 903


*******************************************************************************
*** ENTRY LIST
***

Entry                      Address   Size  Type      Object
-----                      -------   ----  ----      ------
.iar.init_table$$Base   0x00001280          --   Gb  - Linker created -
.iar.init_table$$Limit  0x00001294          --   Gb  - Linker created -
?main                   0x00001295         Code  Gb  cmain.o [4]
BITBAND_Peripheral      0x000000b9    0xe  Code  Lc  em_cmu.o [1]
BOOT_boot               0x2000012d    0xc  Code  Gb  boot.o [1]
BOOT_jump               0x20000121    0xc  Code  Gb  boot.o [1]
CMU_ClockDivSet         0x00000181   0xd4  Code  Gb  em_cmu.o [1]
CMU_ClockEnable         0x00000265   0x52  Code  Gb  em_cmu.o [1]
CMU_ClockFreqGet        0x000002b7   0xc2  Code  Gb  em_cmu.o [1]
CMU_ClockSelectGet      0x00000379   0x78  Code  Gb  em_cmu.o [1]
CMU_ClockSelectSet      0x000003f1   0xaa  Code  Gb  em_cmu.o [1]
CMU_FlashWaitStateControl
                        0x000000eb   0x48  Code  Lc  em_cmu.o [1]
CMU_FlashWaitStateMax   0x000000c7   0x24  Code  Lc  em_cmu.o [1]
CMU_LFClkGet            0x00000133   0x3c  Code  Lc  em_cmu.o [1]
CMU_OscillatorEnable    0x000004a5   0x4e  Code  Gb  em_cmu.o [1]
CMU_Sync                0x0000016f   0x12  Code  Lc  em_cmu.o [1]
CSTACK$$Base            0x200004c0          --   Gb  - Linker created -
CSTACK$$Limit           0x200008c0          --   Gb  - Linker created -
Com                     0x200003ac    0x4  Data  Lc  Com_APP.o [1]
Com_GetCommand          0x00000d15   0x2e  Code  Gb  Com_APP.o [1]
Com_Initial             0x00000c29   0x44  Code  Gb  Com_APP.o [1]
Com_RxProcess           0x00000e71   0x5e  Code  Gb  Com_APP.o [1]
Com_Rx_Int              0x00000d75   0xfc  Code  Gb  Com_APP.o [1]
Com_Tx_Int              0x00000d43   0x30  Code  Gb  Com_APP.o [1]
Com_Write               0x00000ca5   0x70  Code  Gb  Com_APP.o [1]
Current_Transmission_Packet_Size
                        0x20000196    0x2  Data  Gb  Com_APP.o [1]
EMU_UpdateOscConfig     0x00000631    0xa  Code  Gb  em_emu.o [1]
Erase_AP_Info_Config    0x00000675   0x38  Code  Gb  main.o [1]
Flash_Write             0x000006fb   0x44  Code  Gb  main.o [1]
GPIO_PinModeSet         0x00000f6d   0x42  Code  Gb  em_gpio.o [1]
HW_COM_Initial_IO       0x00000b03   0x58  Code  Gb  HW.o [1]
HW_Com_TX_INT_disable   0x00000b7b   0x2e  Code  Gb  HW.o [1]
HW_Com_TX_INT_enable    0x00000b63   0x18  Code  Gb  HW.o [1]
HW_Com_Uart_Send_Tx     0x00000b5b    0x8  Code  Gb  HW.o [1]
HW_Initial_Clock        0x000009cf  0x134  Code  Gb  HW.o [1]
HeaderSize              0x20000190    0x4  Data  Gb  Com_APP.o [1]
MSC_Deinit              0x00000957   0x10  Code  Gb  em_msc.o [1]
MSC_ErasePage           0x20000065   0x5e  Code  Gb  em_msc.o [1]
MSC_Init                0x00000945   0x12  Code  Gb  em_msc.o [1]
MSC_WriteWord           0x200000cf   0x44  Code  Gb  em_msc.o [1]
MscLoadAddress          0x20000001   0x20  Code  Gb  em_msc.o [1]
MscLoadData             0x20000021   0x44  Code  Gb  em_msc.o [1]
NVIC_ClearPendingIRQ    0x000009bd    0xa  Code  Lc  HW.o [1]
NVIC_EnableIRQ          0x000009b1    0xc  Code  Lc  HW.o [1]
NVIC_SystemReset        0x0000065d   0x18  Code  Lc  main.o [1]
RMU_ResetCauseGet       0x0000096d   0x40  Code  Gb  em_rmu.o [1]
R_State                 0x200003a9    0x1  Data  Lc  Com_APP.o [1]
Region$$Table$$Base     0x00001280          --   Gb  - Linker created -
Region$$Table$$Limit    0x00001294          --   Gb  - Linker created -
SYSTEM_ChipRevisionGet  0x00000fc5   0x1c  Code  Gb  em_system.o [1]
SysTick_Handler         0x000010f9    0xa  Code  Gb  system.o [1]
SystemCoreClock         0x200001a0    0x4  Data  Gb  system_efm32g.o [1]
SystemCoreClockGet      0x00000539   0x1a  Code  Gb  system_efm32g.o [1]
SystemHFClockGet        0x00000553   0x82  Code  Gb  system_efm32g.o [1]
SystemHFXOClock         0x20000188    0x4  Data  Lc  system_efm32g.o [1]
SystemHFXOClockSet      0x000005d5   0x12  Code  Gb  system_efm32g.o [1]
SystemInit              0x000005e7    0x2  Code  Gb  system_efm32g.o [1]
SystemLFRCOClockGet     0x000005e9    0x2  Code  Gb  system_efm32g.o [1]
SystemLFXOClock         0x2000018c    0x4  Data  Lc  system_efm32g.o [1]
SystemLFXOClockGet      0x000005f1    0x6  Code  Gb  system_efm32g.o [1]
TimeToAppHeart          0x2000017c    0x4  Data  Gb  main.o [1]
USART1_RX_IRQHandler    0x00001103   0x18  Code  Gb  system.o [1]
USART1_TX_IRQHandler    0x0000111b   0x14  Code  Gb  system.o [1]
USART2_RX_IRQHandler    0x0000112f   0x8a  Code  Gb  system.o [1]
USART2_TX_IRQHandler    0x000011b9    0xc  Code  Gb  system.o [1]
USART_BaudrateAsyncSet  0x00000fe5   0x58  Code  Gb  em_usart.o [1]
USART_InitAsync         0x0000103d   0x28  Code  Gb  em_usart.o [1]
USART_Reset             0x0000106b   0x30  Code  Gb  em_usart.o [1]
USART_Rx                0x000010ad    0xc  Code  Gb  em_usart.o [1]
USART_Tx                0x000010b9    0xa  Code  Gb  em_usart.o [1]
Uart_RxBUff             0x200001a8  0x100  Data  Lc  Com_APP.o [1]
Uart_Rx_Package         0x20000438   0x88  Data  Lc  Com_APP.o [1]
Uart_TxBUff             0x200002a8  0x100  Data  Lc  Com_APP.o [1]
Uart_Tx_Package         0x200003b0   0x88  Data  Lc  Com_APP.o [1]
Version_Ay              0x20000180    0x8  Data  Gb  main.o [1]
__Vectors               0x00000000          --   Gb  startup_efm32g.o [1]
__Vectors_End           0x000000b8         Data  Gb  startup_efm32g.o [1]
__Vectors_Size {Abs}    0x000000b8          --   Gb  startup_efm32g.o [1]
__aeabi_memclr4         0x00000eed         Code  Gb  ABImemclr4.o [4]
__checksum              0x20000178    0x2  Data  Gb  main.o [1]
__cmain                 0x00001295         Code  Gb  cmain.o [4]
__exit                  0x000012c5   0x14  Code  Gb  exit.o [5]
__iar_Memset4_word      0x000010c5         Code  Gb  ABImemset48.o [4]
__iar_Memset8_word      0x000010c5         Code  Gb  ABImemset48.o [4]
__iar_copy_init3        0x0000122b   0x2c  Code  Gb  copy_init3.o [4]
__iar_data_init3        0x00001259   0x28  Code  Gb  data_init.o [4]
__iar_program_start     0x000012e9         Code  Gb  cstartup_M.o [4]
__iar_unaligned___aeabi_memcpy
                        0x00000ef5         Code  Gb  ABImemcpy_unaligned.o [4]
__iar_unaligned___aeabi_memcpy4
                        0x00000f15         Code  Gb  ABImemcpy_unaligned.o [4]
__iar_unaligned___aeabi_memcpy8
                        0x00000f15         Code  Gb  ABImemcpy_unaligned.o [4]
__low_level_init        0x000012af    0x4  Code  Gb  low_level_init.o [3]
__vector_table          0x00000000         Data  Gb  startup_efm32g.o [1]
__vector_table_0x1c     0x0000001c         Data  Gb  startup_efm32g.o [1]
_call_main              0x000012a1         Code  Gb  cmain.o [4]
_exit                   0x000012b9         Code  Gb  cexit.o [4]
_main                   0x000012ab         Code  Gb  cmain.o [4]
by_RxPoint              0x200003a8    0x1  Data  Lc  Com_APP.o [1]
by_TxTimeOut            0x200003aa    0x1  Data  Lc  Com_APP.o [1]
calculateChecksum       0x00000c6d   0x38  Code  Gb  Com_APP.o [1]
cmuStatus               0x200001a4    0x2  Data  Lc  em_emu.o [1]
debug_flag              0x20000174    0x4  Data  Gb  system.o [1]
exit                    0x000012b3    0x4  Code  Gb  exit.o [3]
main                    0x0000073f  0x1ba  Code  Gb  main.o [1]
p_usart2RxDataLong      0x20000150    0x1  Data  Gb  system.o [1]
strncmp                 0x00001201   0x2a  Code  Gb  strncmp.o [3]
systimeMs               0x2000019c    0x4  Data  Gb  system.o [1]
updateFlash             0x000006ad   0x4e  Code  Gb  main.o [1]
usart2RxDataBuf         0x20000154   0x20  Data  Gb  system.o [1]


[1] = F:\BootLoader\IAR7.4_Only_IO_Bootloader for EFM32G232F_Hhhan\bootForCommonRelease\Obj
[2] = command line
[3] = dl7M_tlf.a
[4] = rt7M_tl.a
[5] = shb_l.a

  4 988 bytes of readonly  code memory
    336 bytes of readwrite code memory
    444 bytes of readonly  data memory
  1 903 bytes of readwrite data memory

Errors: none
Warnings: none
